Copyright 1986-1999, 2001-2013 Xilinx, Inc. All Rights Reserved.
------------------------------------------------------------------------------------------------------------------------------------
| Tool Version : Vivado v.2013.3 (lin64) Build 329390 Wed Oct 16 18:26:55 MDT 2013
| Date         : Wed May 21 16:22:05 2014
| Host         : ubuntu running 64-bit Ubuntu 12.04.4 LTS
| Command      : report_timing_summary -file testDMA_wrapper_timing_summary_routed.rpt -pb testDMA_wrapper_timing_summary_routed.pb
| Design       : testDMA_wrapper
| Device       : 7z020-clg484
| Speed File   : -1  PRODUCTION 1.08 2013-09-28
------------------------------------------------------------------------------------------------------------------------------------

Timing Summary Report

------------------------------------------------------------------------------------------------
| Timer Settings
| --------------
------------------------------------------------------------------------------------------------

  Enable Multi Corner Analysis               :  Yes
  Enable Pessimism Removal                   :  Yes
  Pessimism Removal Resolution               :  Nearest Common Node
  Enable Input Delay Default Clock           :  No
  Enable Preset / Clear Arcs                 :  No
  Disable Flight Delays                      :  No

  Corner  Analyze    Analyze    
  Name    Max Paths  Min Paths  
  ------  ---------  ---------  
  Slow    Yes        Yes        
  Fast    Yes        Yes        


------------------------------------------------------------------------------------------------
| Check Timing
| ------------
------------------------------------------------------------------------------------------------


Checking 'no_clock'.
 There are 0 register/latch pins with no clock.
 There are 0 register/latch pins with constant_clock.

Checking 'unconstrained_internal_endpoints'.
 There are 0 pins that are not constrained for maximum delay.
 There are 0 pins that are not constrained for maximum delay due to constant clock.

Checking 'no_input_delay'.
 There are 0 input ports with no input delay specified.

Checking 'no_output_delay'.
 There are 8 ports with no output delay specified.

Checking 'multiple_clock'.
 There are 0 register/latch pins with related clocks.
 There are 0 register/latch pins with exclusive clocks.

Checking 'generated_clocks'.
 There are 0 generated clocks that are not connected to a clock source.

Checking 'loops'.
 There are 0 combinational loops in the design.

Checking 'partial_input_delay'.
 There are 0 input ports with partial input delay specified.

Checking 'partial_output_delay'.
 There are 0 ports with partial output delay specified.

Checking 'unexpandable_clocks'.
 There are 0 related clock pairs.
 There are 0 User Ignored clock pairs.

Checking 'latch_loops'.
 There are 0 combinational latch loops in the design through latch input

------------------------------------------------------------------------------------------------
| Design Timing Summary
| ---------------------
------------------------------------------------------------------------------------------------

    WNS(ns)      TNS(ns)  TNS Failing Endpoints  TNS Total Endpoints      WHS(ns)      THS(ns)  THS Failing Endpoints  THS Total Endpoints     WPWS(ns)     TPWS(ns)  TPWS Failing Endpoints  TPWS Total Endpoints  
    -------      -------  ---------------------  -------------------      -------      -------  ---------------------  -------------------     --------     --------  ----------------------  --------------------  
     -0.981     -297.641                    533                23973        0.002        0.000                      0                23973        3.750        0.000                       0                 11192  


Timing constraints are not met.


------------------------------------------------------------------------------------------------
| Clock Summary
| -------------
------------------------------------------------------------------------------------------------

Clock       Waveform(ns)       Period(ns)      Frequency(MHz)
-----       ------------       ----------      --------------
clk_fpga_0  {0.000 5.000}      10.000          100.000         


------------------------------------------------------------------------------------------------
| Intra Clock Table
| -----------------
------------------------------------------------------------------------------------------------

Clock             WNS(ns)      TNS(ns)  TNS Failing Endpoints  TNS Total Endpoints      WHS(ns)      THS(ns)  THS Failing Endpoints  THS Total Endpoints     WPWS(ns)     TPWS(ns)  TPWS Failing Endpoints  TPWS Total Endpoints  
-----             -------      -------  ---------------------  -------------------      -------      -------  ---------------------  -------------------     --------     --------  ----------------------  --------------------  
clk_fpga_0         -0.981     -297.641                    533                23468        0.002        0.000                      0                23468        3.750        0.000                       0                 11192  


------------------------------------------------------------------------------------------------
| Inter Clock Table
| -----------------
------------------------------------------------------------------------------------------------

From Clock    To Clock          WNS(ns)      TNS(ns)  TNS Failing Endpoints  TNS Total Endpoints      WHS(ns)      THS(ns)  THS Failing Endpoints  THS Total Endpoints  
----------    --------          -------      -------  ---------------------  -------------------      -------      -------  ---------------------  -------------------  


------------------------------------------------------------------------------------------------
| Other Path Groups Table
| -----------------------
------------------------------------------------------------------------------------------------

Path Group         From Clock         To Clock               WNS(ns)      TNS(ns)  TNS Failing Endpoints  TNS Total Endpoints      WHS(ns)      THS(ns)  THS Failing Endpoints  THS Total Endpoints  
----------         ----------         --------               -------      -------  ---------------------  -------------------      -------      -------  ---------------------  -------------------  
**async_default**  clk_fpga_0         clk_fpga_0               0.333        0.000                      0                  505        0.183        0.000                      0                  505  


------------------------------------------------------------------------------------------------
| Timing Details
| --------------
------------------------------------------------------------------------------------------------


---------------------------------------------------------------------------------------------------
From Clock:  clk_fpga_0
  To Clock:  clk_fpga_0

Setup :          533  Failing Endpoints,  Worst Slack       -0.981ns,  Total Violation     -297.641ns
Hold  :            0  Failing Endpoints,  Worst Slack        0.002ns,  Total Violation        0.000ns
PW    :            0  Failing Endpoints,  Worst Slack        3.750ns,  Total Violation        0.000ns
---------------------------------------------------------------------------------------------------


Max Delay Paths
--------------------------------------------------------------------------------------
Slack (VIOLATED) :        -0.981ns  (required time - arrival time)
  Source:                 testDMA_i/processing_system7_0_axi_periph/xbar/inst/gen_samd.crossbar_samd/gen_slave_slots[1].gen_si_write.wdata_router_w/wrouter_aw_fifo/storage_data1_reg[2]/C
                            (rising edge-triggered cell FDRE clocked by clk_fpga_0  {rise@0.000ns fall@5.000ns period=10.000ns})
  Destination:            testDMA_i/processing_system7_0_axi_periph/s01_couplers/auto_us/inst/gen_upsizer.gen_full_upsizer.axi_upsizer_inst/USE_WRITE.write_addr_inst/GEN_CMD_QUEUE.cmd_queue/USE_RTL_ADDR.addr_q_reg[0]/CE
                            (rising edge-triggered cell FDRE clocked by clk_fpga_0  {rise@0.000ns fall@5.000ns period=10.000ns})
  Path Group:             clk_fpga_0
  Path Type:              Setup (Max at Slow Process Corner)
  Requirement:            10.000ns  (clk_fpga_0 rise@10.000ns - clk_fpga_0 rise@0.000ns)
  Data Path Delay:        10.676ns  (logic 2.859ns (26.779%)  route 7.817ns (73.221%))
  Logic Levels:           17  (LUT2=7 LUT3=1 LUT5=1 LUT6=7 MUXF7=1)
  Clock Path Skew:        0.018ns (DCD - SCD + CPR)
    Destination Clock Delay (DCD):    4.074ns = ( 14.074 - 10.000 ) 
    Source Clock Delay      (SCD):    4.584ns
    Clock Pessimism Removal (CPR):    0.528ns
  Clock Uncertainty:      0.154ns  ((TSJ^2 + TIJ^2)^1/2 + DJ) / 2 + PE
    Total System Jitter     (TSJ):    0.071ns
    Total Input Jitter      (TIJ):    0.300ns
    Discrete Jitter          (DJ):    0.000ns
    Phase Error              (PE):    0.000ns

    Location             Delay type                Incr(ns)  Path(ns)    Netlist Resource(s)
  -------------------------------------------------------------------    -------------------
                         (clock clk_fpga_0 rise edge)
                                                      0.000     0.000 r  
    PS7_X0Y0             PS7                          0.000     0.000 r  testDMA_i/processing_system7_0/inst/PS7_i/FCLKCLK[0]
                         net (fo=1, routed)           2.780     2.780    testDMA_i/processing_system7_0/inst/FCLK_CLK_unbuffered[0]
    BUFGCTRL_X0Y16       BUFG (Prop_bufg_I_O)         0.101     2.881 r  testDMA_i/processing_system7_0/inst/buffer_fclk_clk_0.FCLK_CLK_0_BUFG/O
                         net (fo=11193, routed)       1.703     4.584    testDMA_i/processing_system7_0_axi_periph/xbar/aclk
    SLICE_X81Y73                                                      r  testDMA_i/processing_system7_0_axi_periph/xbar/inst/gen_samd.crossbar_samd/gen_slave_slots[1].gen_si_write.wdata_router_w/wrouter_aw_fifo/storage_data1_reg[2]/C
  -------------------------------------------------------------------    -------------------
    SLICE_X81Y73         FDRE (Prop_fdre_C_Q)         0.456     5.040 f  testDMA_i/processing_system7_0_axi_periph/xbar/inst/gen_samd.crossbar_samd/gen_slave_slots[1].gen_si_write.wdata_router_w/wrouter_aw_fifo/storage_data1_reg[2]/Q
                         net (fo=11, routed)          0.848     5.889    testDMA_i/processing_system7_0_axi_periph/xbar/inst/gen_samd.crossbar_samd/gen_slave_slots[1].gen_si_write.wdata_router_w/sel1_out[2]
    SLICE_X80Y72         LUT5 (Prop_lut5_I0_O)        0.124     6.013 f  testDMA_i/processing_system7_0_axi_periph/xbar/m_axi_wvalid[2]_INST_0_i_3/O
                         net (fo=1, routed)           0.000     6.013    testDMA_i/processing_system7_0_axi_periph/xbar/n_0_m_axi_wvalid[2]_INST_0_i_3
    SLICE_X80Y72         MUXF7 (Prop_muxf7_I1_O)      0.245     6.258 f  testDMA_i/processing_system7_0_axi_periph/xbar/m_axi_wvalid[2]_INST_0_i_1/O
                         net (fo=2, routed)           0.815     7.073    testDMA_i/processing_system7_0_axi_periph/xbar/n_0_m_axi_wvalid[2]_INST_0_i_1
    SLICE_X64Y66         LUT2 (Prop_lut2_I1_O)        0.298     7.371 r  testDMA_i/processing_system7_0_axi_periph/xbar/m_axi_wvalid[2]_INST_0/O
                         net (fo=9, routed)           0.312     7.683    testDMA_i/axi_mem_intercon/xbar/s_axi_wvalid[1]
    SLICE_X65Y65         LUT2 (Prop_lut2_I1_O)        0.124     7.807 f  testDMA_i/axi_mem_intercon/xbar/m_axi_wvalid[0]_INST_0_i_2/O
                         net (fo=1, routed)           0.302     8.110    testDMA_i/axi_mem_intercon/xbar/n_0_m_axi_wvalid[0]_INST_0_i_2
    SLICE_X64Y63         LUT6 (Prop_lut6_I3_O)        0.124     8.234 f  testDMA_i/axi_mem_intercon/xbar/m_axi_wvalid[0]_INST_0_i_1/O
                         net (fo=8, routed)           0.174     8.408    testDMA_i/axi_mem_intercon/xbar/n_0_m_axi_wvalid[0]_INST_0_i_1
    SLICE_X64Y63         LUT2 (Prop_lut2_I1_O)        0.124     8.532 r  testDMA_i/axi_mem_intercon/xbar/m_axi_wvalid[0]_INST_0/O
                         net (fo=4, routed)           0.416     8.948    testDMA_i/axi_mem_intercon/m00_couplers/auto_pc/s_axi_wvalid
    SLICE_X65Y64         LUT3 (Prop_lut3_I2_O)        0.124     9.072 r  testDMA_i/axi_mem_intercon/m00_couplers/auto_pc/s_axi_wready_INST_0/O
                         net (fo=11, routed)          0.173     9.245    testDMA_i/axi_mem_intercon/xbar/m_axi_wready[0]
    SLICE_X65Y64         LUT6 (Prop_lut6_I1_O)        0.124     9.369 f  testDMA_i/axi_mem_intercon/xbar/s_axi_wready[1]_INST_0_i_1/O
                         net (fo=2, routed)           0.321     9.690    testDMA_i/axi_mem_intercon/xbar/n_0_s_axi_wready[1]_INST_0_i_1
    SLICE_X66Y65         LUT2 (Prop_lut2_I1_O)        0.124     9.814 r  testDMA_i/axi_mem_intercon/xbar/s_axi_wready[1]_INST_0/O
                         net (fo=3, routed)           1.014    10.827    testDMA_i/processing_system7_0_axi_periph/xbar/m_axi_wready[2]
    SLICE_X83Y77         LUT6 (Prop_lut6_I0_O)        0.124    10.951 r  testDMA_i/processing_system7_0_axi_periph/xbar/s_axi_wready[1]_INST_0_i_6/O
                         net (fo=1, routed)           0.622    11.573    testDMA_i/processing_system7_0_axi_periph/xbar/n_0_s_axi_wready[1]_INST_0_i_6
    SLICE_X89Y82         LUT6 (Prop_lut6_I4_O)        0.124    11.697 r  testDMA_i/processing_system7_0_axi_periph/xbar/s_axi_wready[1]_INST_0_i_3/O
                         net (fo=4, routed)           0.289    11.986    testDMA_i/processing_system7_0_axi_periph/xbar/n_0_s_axi_wready[1]_INST_0_i_3
    SLICE_X89Y82         LUT2 (Prop_lut2_I1_O)        0.124    12.110 f  testDMA_i/processing_system7_0_axi_periph/xbar/s_axi_wready[1]_INST_0_i_1/O
                         net (fo=3, routed)           0.178    12.288    testDMA_i/processing_system7_0_axi_periph/xbar/n_0_s_axi_wready[1]_INST_0_i_1
    SLICE_X89Y82         LUT2 (Prop_lut2_I1_O)        0.124    12.412 r  testDMA_i/processing_system7_0_axi_periph/xbar/s_axi_wready[1]_INST_0/O
                         net (fo=14, routed)          0.369    12.781    testDMA_i/processing_system7_0_axi_periph/s01_couplers/auto_us/inst/m_axi_wready
    SLICE_X89Y83         LUT6 (Prop_lut6_I1_O)        0.124    12.905 r  testDMA_i/processing_system7_0_axi_periph/s01_couplers/auto_us/inst/WORD_LANE[1].USE_ALWAYS_PACKER.BYTE_LANE[3].USE_RTL_DATA.USE_REGISTER.M_AXI_WSTRB_I[7]_i_3/O
                         net (fo=17, routed)          0.319    13.225    testDMA_i/processing_system7_0_axi_periph/s01_couplers/auto_us/inst/n_0_WORD_LANE[1].USE_ALWAYS_PACKER.BYTE_LANE[3].USE_RTL_DATA.USE_REGISTER.M_AXI_WSTRB_I[7]_i_3
    SLICE_X86Y83         LUT6 (Prop_lut6_I5_O)        0.124    13.349 r  testDMA_i/processing_system7_0_axi_periph/s01_couplers/auto_us/inst/USE_RTL_LENGTH.length_counter_q[7]_i_1/O
                         net (fo=13, routed)          0.578    13.926    testDMA_i/processing_system7_0_axi_periph/s01_couplers/auto_us/inst/gen_upsizer.gen_full_upsizer.axi_upsizer_inst/USE_WRITE.gen_non_fifo_w_upsizer.write_data_inst/p_262_in
    SLICE_X90Y84         LUT2 (Prop_lut2_I0_O)        0.124    14.050 r  testDMA_i/processing_system7_0_axi_periph/s01_couplers/auto_us/inst/USE_FF_OUT.USE_RTL_OUTPUT_PIPELINE.M_VALID_Q_i_1/O
                         net (fo=32, routed)          0.603    14.654    testDMA_i/processing_system7_0_axi_periph/s01_couplers/auto_us/inst/n_0_USE_FF_OUT.USE_RTL_OUTPUT_PIPELINE.M_VALID_Q_i_1
    SLICE_X97Y88         LUT6 (Prop_lut6_I2_O)        0.124    14.778 r  testDMA_i/processing_system7_0_axi_periph/s01_couplers/auto_us/inst/USE_RTL_ADDR.addr_q[4]_i_1/O
                         net (fo=5, routed)           0.483    15.260    testDMA_i/processing_system7_0_axi_periph/s01_couplers/auto_us/inst/n_0_USE_RTL_ADDR.addr_q[4]_i_1
    SLICE_X96Y91         FDRE                                         r  testDMA_i/processing_system7_0_axi_periph/s01_couplers/auto_us/inst/gen_upsizer.gen_full_upsizer.axi_upsizer_inst/USE_WRITE.write_addr_inst/GEN_CMD_QUEUE.cmd_queue/USE_RTL_ADDR.addr_q_reg[0]/CE
  -------------------------------------------------------------------    -------------------

                         (clock clk_fpga_0 rise edge)
                                                     10.000    10.000 r  
    PS7_X0Y0                                          0.000    10.000 r  testDMA_i/processing_system7_0/inst/PS7_i/FCLKCLK[0]
                         net (fo=1, routed)           2.376    12.376    testDMA_i/processing_system7_0/inst/FCLK_CLK_unbuffered[0]
    BUFGCTRL_X0Y16       BUFG (Prop_bufg_I_O)         0.091    12.467 r  testDMA_i/processing_system7_0/inst/buffer_fclk_clk_0.FCLK_CLK_0_BUFG/O
                         net (fo=11193, routed)       1.607    14.074    testDMA_i/processing_system7_0_axi_periph/s01_couplers/auto_us/inst/s_axi_aclk
    SLICE_X96Y91                                                      r  testDMA_i/processing_system7_0_axi_periph/s01_couplers/auto_us/inst/gen_upsizer.gen_full_upsizer.axi_upsizer_inst/USE_WRITE.write_addr_inst/GEN_CMD_QUEUE.cmd_queue/USE_RTL_ADDR.addr_q_reg[0]/C
                         clock pessimism              0.528    14.602    
                         clock uncertainty           -0.154    14.448    
    SLICE_X96Y91         FDRE (Setup_fdre_C_CE)      -0.169    14.279    testDMA_i/processing_system7_0_axi_periph/s01_couplers/auto_us/inst/gen_upsizer.gen_full_upsizer.axi_upsizer_inst/USE_WRITE.write_addr_inst/GEN_CMD_QUEUE.cmd_queue/USE_RTL_ADDR.addr_q_reg[0]
  -------------------------------------------------------------------
                         required time                         14.279    
                         arrival time                         -15.260    
  -------------------------------------------------------------------
                         slack                                 -0.981    





Min Delay Paths
--------------------------------------------------------------------------------------
Slack (MET) :             0.002ns  (arrival time - required time)
  Source:                 testDMA_i/axi_dma_0/U0/I_S2MM_DMA_MNGR/GEN_S2MM_DMA_CONTROL.GEN_SIMPLE_DMA_MODE.I_S2MM_SMPL_SM/GEN_CMD_BTT_EQL_23.cmnd_data_reg[15]/C
                            (rising edge-triggered cell FDRE clocked by clk_fpga_0  {rise@0.000ns fall@5.000ns period=10.000ns})
  Destination:            testDMA_i/axi_dma_0/U0/I_PRMRY_DATAMOVER/GEN_S2MM_FULL.I_S2MM_FULL_WRAPPER/I_CMD_STATUS/I_CMD_FIFO/USE_SINGLE_REG.sig_regfifo_dout_reg_reg[15]/D
                            (rising edge-triggered cell FDRE clocked by clk_fpga_0  {rise@0.000ns fall@5.000ns period=10.000ns})
  Path Group:             clk_fpga_0
  Path Type:              Hold (Min at Fast Process Corner)
  Requirement:            0.000ns  (clk_fpga_0 rise@0.000ns - clk_fpga_0 rise@0.000ns)
  Data Path Delay:        0.347ns  (logic 0.128ns (36.867%)  route 0.219ns (63.133%))
  Logic Levels:           0  
  Clock Path Skew:        0.351ns (DCD - SCD - CPR)
    Destination Clock Delay (DCD):    2.313ns
    Source Clock Delay      (SCD):    1.779ns
    Clock Pessimism Removal (CPR):    0.183ns

    Location             Delay type                Incr(ns)  Path(ns)    Netlist Resource(s)
  -------------------------------------------------------------------    -------------------
                         (clock clk_fpga_0 rise edge)
                                                      0.000     0.000 r  
    PS7_X0Y0             PS7                          0.000     0.000 r  testDMA_i/processing_system7_0/inst/PS7_i/FCLKCLK[0]
                         net (fo=1, routed)           1.169     1.169    testDMA_i/processing_system7_0/inst/FCLK_CLK_unbuffered[0]
    BUFGCTRL_X0Y16       BUFG (Prop_bufg_I_O)         0.026     1.195 r  testDMA_i/processing_system7_0/inst/buffer_fclk_clk_0.FCLK_CLK_0_BUFG/O
                         net (fo=11193, routed)       0.584     1.779    testDMA_i/axi_dma_0/U0/s_axi_lite_aclk
    SLICE_X87Y98                                                      r  testDMA_i/axi_dma_0/U0/I_S2MM_DMA_MNGR/GEN_S2MM_DMA_CONTROL.GEN_SIMPLE_DMA_MODE.I_S2MM_SMPL_SM/GEN_CMD_BTT_EQL_23.cmnd_data_reg[15]/C
  -------------------------------------------------------------------    -------------------
    SLICE_X87Y98         FDRE (Prop_fdre_C_Q)         0.128     1.907 r  testDMA_i/axi_dma_0/U0/I_S2MM_DMA_MNGR/GEN_S2MM_DMA_CONTROL.GEN_SIMPLE_DMA_MODE.I_S2MM_SMPL_SM/GEN_CMD_BTT_EQL_23.cmnd_data_reg[15]/Q
                         net (fo=2, routed)           0.219     2.126    testDMA_i/axi_dma_0/U0/I_S2MM_DMA_MNGR/s2mm_cmnd_data[15]
    SLICE_X87Y102        FDRE                                         r  testDMA_i/axi_dma_0/U0/I_PRMRY_DATAMOVER/GEN_S2MM_FULL.I_S2MM_FULL_WRAPPER/I_CMD_STATUS/I_CMD_FIFO/USE_SINGLE_REG.sig_regfifo_dout_reg_reg[15]/D
  -------------------------------------------------------------------    -------------------

                         (clock clk_fpga_0 rise edge)
                                                      0.000     0.000 r  
    PS7_X0Y0                                          0.000     0.000 r  testDMA_i/processing_system7_0/inst/PS7_i/FCLKCLK[0]
                         net (fo=1, routed)           1.344     1.344    testDMA_i/processing_system7_0/inst/FCLK_CLK_unbuffered[0]
    BUFGCTRL_X0Y16       BUFG (Prop_bufg_I_O)         0.029     1.373 r  testDMA_i/processing_system7_0/inst/buffer_fclk_clk_0.FCLK_CLK_0_BUFG/O
                         net (fo=11193, routed)       0.940     2.313    testDMA_i/axi_dma_0/U0/m_axi_s2mm_aclk
    SLICE_X87Y102                                                     r  testDMA_i/axi_dma_0/U0/I_PRMRY_DATAMOVER/GEN_S2MM_FULL.I_S2MM_FULL_WRAPPER/I_CMD_STATUS/I_CMD_FIFO/USE_SINGLE_REG.sig_regfifo_dout_reg_reg[15]/C
                         clock pessimism             -0.183     2.130    
    SLICE_X87Y102        FDRE (Hold_fdre_C_D)        -0.006     2.124    testDMA_i/axi_dma_0/U0/I_PRMRY_DATAMOVER/GEN_S2MM_FULL.I_S2MM_FULL_WRAPPER/I_CMD_STATUS/I_CMD_FIFO/USE_SINGLE_REG.sig_regfifo_dout_reg_reg[15]
  -------------------------------------------------------------------
                         required time                         -2.124    
                         arrival time                           2.126    
  -------------------------------------------------------------------
                         slack                                  0.002    





Pulse Width Checks
--------------------------------------------------------------------------------------
Clock Name:         clk_fpga_0
Waveform:           { 0 5 }
Period:             10.000
Sources:            { testDMA_i/processing_system7_0/inst/PS7_i/FCLKCLK[0] }

Check Type        Corner  Lib Pin             Reference Pin  Required  Actual  Slack  Location      Pin
Min Period        n/a     RAMB36E1/CLKARDCLK  n/a            2.944     10.000  7.056  RAMB36_X3Y17  testDMA_i/axi_dma_0/U0/I_PRMRY_DATAMOVER/GEN_S2MM_FULL.I_S2MM_FULL_WRAPPER/GEN_ENABLE_INDET_BTT_SF.I_INDET_BTT/I_DATA_FIFO/BLK_MEM.I_SYNC_FIFOGEN_FIFO/FAMILY_SUPPORTED.I_SYNC_FIFO_BRAM/inst_fifo_gen/gconvfifo.rf/grf.rf/gntv_or_sync_fifo.mem/gbm.gbmg.gbmgb.ngecc.bmg/inst_blk_mem_gen/gnativebmg.native_blk_mem_gen/valid.cstr/ramloop[0].ram.r/v6_noinit.ram/NO_BMM_INFO.SDP.WIDE_PRIM36.ram/CLKARDCLK
Low Pulse Width   Slow    RAMD32/CLK          n/a            1.250     5.000   3.750  SLICE_X32Y83  testDMA_i/axi_mem_intercon/m00_couplers/auto_pc/inst/gen_axi4_axi3.axi3_conv_inst/USE_READ.USE_SPLIT_R.read_addr_inst/USE_R_CHANNEL.cmd_queue/inst/fifo_gen_inst/inst_fifo_gen/gconvfifo.rf/grf.rf/gntv_or_sync_fifo.mem/gdm.dm/RAM_reg_0_31_0_0/DP/CLK
High Pulse Width  Slow    RAMD32/CLK          n/a            1.250     5.000   3.750  SLICE_X82Y75  testDMA_i/axi_dma_0/U0/I_PRMRY_DATAMOVER/GEN_S2MM_FULL.I_S2MM_FULL_WRAPPER/GEN_ENABLE_INDET_BTT_SF.I_INDET_BTT/I_XD_FIFO/NON_BLK_MEM.I_SYNC_FIFOGEN_FIFO/FAMILY_SUPPORTED.I_SYNC_FIFO_BRAM/inst_fifo_gen/gconvfifo.rf/grf.rf/gntv_or_sync_fifo.mem/gdm.dm/RAM_reg_0_7_0_5/RAMA/CLK



---------------------------------------------------------------------------------------------------
Path Group:  **async_default**
From Clock:  clk_fpga_0
  To Clock:  clk_fpga_0

Setup :            0  Failing Endpoints,  Worst Slack        0.333ns,  Total Violation        0.000ns
Hold  :            0  Failing Endpoints,  Worst Slack        0.183ns,  Total Violation        0.000ns
---------------------------------------------------------------------------------------------------


Max Delay Paths
--------------------------------------------------------------------------------------
Slack (MET) :             0.333ns  (required time - arrival time)
  Source:                 testDMA_i/proc_sys_reset/U0/ACTIVE_LOW_BSR_OUT_DFF[0].interconnect_aresetn_reg[0]/C
                            (rising edge-triggered cell FDRE clocked by clk_fpga_0  {rise@0.000ns fall@5.000ns period=10.000ns})
  Destination:            testDMA_i/processing_system7_0_axi_periph/m00_couplers/auto_ds/inst/gen_downsizer.gen_simple_downsizer.axi_downsizer_inst/USE_WRITE.write_addr_inst/cmd_queue/inst/fifo_gen_inst/inst_fifo_gen/gconvfifo.rf/grf.rf/rstblk/ngwrdrst.grst.rd_rst_asreg_reg/PRE
                            (recovery check against rising-edge clock clk_fpga_0  {rise@0.000ns fall@5.000ns period=10.000ns})
  Path Group:             **async_default**
  Path Type:              Recovery (Max at Slow Process Corner)
  Requirement:            10.000ns  (clk_fpga_0 rise@10.000ns - clk_fpga_0 rise@0.000ns)
  Data Path Delay:        8.983ns  (logic 0.642ns (7.147%)  route 8.341ns (92.853%))
  Logic Levels:           1  (LUT1=1)
  Clock Path Skew:        -0.212ns (DCD - SCD + CPR)
    Destination Clock Delay (DCD):    4.165ns = ( 14.165 - 10.000 ) 
    Source Clock Delay      (SCD):    4.790ns
    Clock Pessimism Removal (CPR):    0.414ns
  Clock Uncertainty:      0.154ns  ((TSJ^2 + TIJ^2)^1/2 + DJ) / 2 + PE
    Total System Jitter     (TSJ):    0.071ns
    Total Input Jitter      (TIJ):    0.300ns
    Discrete Jitter          (DJ):    0.000ns
    Phase Error              (PE):    0.000ns

    Location             Delay type                Incr(ns)  Path(ns)    Netlist Resource(s)
  -------------------------------------------------------------------    -------------------
                         (clock clk_fpga_0 rise edge)
                                                      0.000     0.000 r  
    PS7_X0Y0             PS7                          0.000     0.000 r  testDMA_i/processing_system7_0/inst/PS7_i/FCLKCLK[0]
                         net (fo=1, routed)           2.780     2.780    testDMA_i/processing_system7_0/inst/FCLK_CLK_unbuffered[0]
    BUFGCTRL_X0Y16       BUFG (Prop_bufg_I_O)         0.101     2.881 r  testDMA_i/processing_system7_0/inst/buffer_fclk_clk_0.FCLK_CLK_0_BUFG/O
                         net (fo=11193, routed)       1.909     4.790    testDMA_i/proc_sys_reset/U0/slowest_sync_clk
    SLICE_X86Y113                                                     r  testDMA_i/proc_sys_reset/U0/ACTIVE_LOW_BSR_OUT_DFF[0].interconnect_aresetn_reg[0]/C
  -------------------------------------------------------------------    -------------------
    SLICE_X86Y113        FDRE (Prop_fdre_C_Q)         0.518     5.308 r  testDMA_i/proc_sys_reset/U0/ACTIVE_LOW_BSR_OUT_DFF[0].interconnect_aresetn_reg[0]/Q
                         net (fo=100, routed)         2.607     7.916    testDMA_i/processing_system7_0_axi_periph/m00_couplers/auto_ds/inst/s_axi_aresetn
    SLICE_X42Y99         LUT1 (Prop_lut1_I0_O)        0.124     8.040 f  testDMA_i/processing_system7_0_axi_periph/m00_couplers/auto_ds/inst/incr_need_to_split_q_i_1/O
                         net (fo=169, routed)         5.733    13.773    testDMA_i/processing_system7_0_axi_periph/m00_couplers/auto_ds/inst/n_0_incr_need_to_split_q_i_1
    SLICE_X112Y35        FDPE                                         f  testDMA_i/processing_system7_0_axi_periph/m00_couplers/auto_ds/inst/gen_downsizer.gen_simple_downsizer.axi_downsizer_inst/USE_WRITE.write_addr_inst/cmd_queue/inst/fifo_gen_inst/inst_fifo_gen/gconvfifo.rf/grf.rf/rstblk/ngwrdrst.grst.rd_rst_asreg_reg/PRE
  -------------------------------------------------------------------    -------------------

                         (clock clk_fpga_0 rise edge)
                                                     10.000    10.000 r  
    PS7_X0Y0                                          0.000    10.000 r  testDMA_i/processing_system7_0/inst/PS7_i/FCLKCLK[0]
                         net (fo=1, routed)           2.376    12.376    testDMA_i/processing_system7_0/inst/FCLK_CLK_unbuffered[0]
    BUFGCTRL_X0Y16       BUFG (Prop_bufg_I_O)         0.091    12.467 r  testDMA_i/processing_system7_0/inst/buffer_fclk_clk_0.FCLK_CLK_0_BUFG/O
                         net (fo=11193, routed)       1.697    14.165    testDMA_i/processing_system7_0_axi_periph/m00_couplers/auto_ds/inst/s_axi_aclk
    SLICE_X112Y35                                                     r  testDMA_i/processing_system7_0_axi_periph/m00_couplers/auto_ds/inst/gen_downsizer.gen_simple_downsizer.axi_downsizer_inst/USE_WRITE.write_addr_inst/cmd_queue/inst/fifo_gen_inst/inst_fifo_gen/gconvfifo.rf/grf.rf/rstblk/ngwrdrst.grst.rd_rst_asreg_reg/C
                         clock pessimism              0.414    14.579    
                         clock uncertainty           -0.154    14.425    
    SLICE_X112Y35        FDPE (Recov_fdpe_C_PRE)     -0.319    14.106    testDMA_i/processing_system7_0_axi_periph/m00_couplers/auto_ds/inst/gen_downsizer.gen_simple_downsizer.axi_downsizer_inst/USE_WRITE.write_addr_inst/cmd_queue/inst/fifo_gen_inst/inst_fifo_gen/gconvfifo.rf/grf.rf/rstblk/ngwrdrst.grst.rd_rst_asreg_reg
  -------------------------------------------------------------------
                         required time                         14.106    
                         arrival time                         -13.773    
  -------------------------------------------------------------------
                         slack                                  0.333    





Min Delay Paths
--------------------------------------------------------------------------------------
Slack (MET) :             0.183ns  (arrival time - required time)
  Source:                 testDMA_i/axi_mem_intercon/m00_couplers/auto_pc/inst/gen_axi4_axi3.axi3_conv_inst/USE_WRITE.write_addr_inst/USE_B_CHANNEL.cmd_b_queue/inst/fifo_gen_inst/inst_fifo_gen/gconvfifo.rf/grf.rf/rstblk/ngwrdrst.grst.rd_rst_reg_reg[2]/C
                            (rising edge-triggered cell FDPE clocked by clk_fpga_0  {rise@0.000ns fall@5.000ns period=10.000ns})
  Destination:            testDMA_i/axi_mem_intercon/m00_couplers/auto_pc/inst/gen_axi4_axi3.axi3_conv_inst/USE_WRITE.write_addr_inst/USE_B_CHANNEL.cmd_b_queue/inst/fifo_gen_inst/inst_fifo_gen/gconvfifo.rf/grf.rf/gntv_or_sync_fifo.gl0.rd/gr1.rfwft/gpregsm1.curr_fwft_state_reg[1]/CLR
                            (removal check against rising-edge clock clk_fpga_0  {rise@0.000ns fall@5.000ns period=10.000ns})
  Path Group:             **async_default**
  Path Type:              Removal (Min at Fast Process Corner)
  Requirement:            0.000ns  (clk_fpga_0 rise@0.000ns - clk_fpga_0 rise@0.000ns)
  Data Path Delay:        0.357ns  (logic 0.141ns (39.548%)  route 0.216ns (60.452%))
  Logic Levels:           0  
  Clock Path Skew:        0.265ns (DCD - SCD - CPR)
    Destination Clock Delay (DCD):    2.182ns
    Source Clock Delay      (SCD):    1.734ns
    Clock Pessimism Removal (CPR):    0.183ns

    Location             Delay type                Incr(ns)  Path(ns)    Netlist Resource(s)
  -------------------------------------------------------------------    -------------------
                         (clock clk_fpga_0 rise edge)
                                                      0.000     0.000 r  
    PS7_X0Y0             PS7                          0.000     0.000 r  testDMA_i/processing_system7_0/inst/PS7_i/FCLKCLK[0]
                         net (fo=1, routed)           1.169     1.169    testDMA_i/processing_system7_0/inst/FCLK_CLK_unbuffered[0]
    BUFGCTRL_X0Y16       BUFG (Prop_bufg_I_O)         0.026     1.195 r  testDMA_i/processing_system7_0/inst/buffer_fclk_clk_0.FCLK_CLK_0_BUFG/O
                         net (fo=11193, routed)       0.539     1.734    testDMA_i/axi_mem_intercon/m00_couplers/auto_pc/aclk
    SLICE_X51Y74                                                      r  testDMA_i/axi_mem_intercon/m00_couplers/auto_pc/inst/gen_axi4_axi3.axi3_conv_inst/USE_WRITE.write_addr_inst/USE_B_CHANNEL.cmd_b_queue/inst/fifo_gen_inst/inst_fifo_gen/gconvfifo.rf/grf.rf/rstblk/ngwrdrst.grst.rd_rst_reg_reg[2]/C
  -------------------------------------------------------------------    -------------------
    SLICE_X51Y74         FDPE (Prop_fdpe_C_Q)         0.141     1.875 f  testDMA_i/axi_mem_intercon/m00_couplers/auto_pc/inst/gen_axi4_axi3.axi3_conv_inst/USE_WRITE.write_addr_inst/USE_B_CHANNEL.cmd_b_queue/inst/fifo_gen_inst/inst_fifo_gen/gconvfifo.rf/grf.rf/rstblk/ngwrdrst.grst.rd_rst_reg_reg[2]/Q
                         net (fo=15, routed)          0.216     2.091    testDMA_i/axi_mem_intercon/m00_couplers/auto_pc/n_0_inst/gen_axi4_axi3.axi3_conv_inst/USE_WRITE.write_addr_inst/USE_B_CHANNEL.cmd_b_queue/inst/fifo_gen_inst/inst_fifo_gen/gconvfifo.rf/grf.rf/rstblk/ngwrdrst.grst.rd_rst_reg_reg[2]
    SLICE_X48Y73         FDCE                                         f  testDMA_i/axi_mem_intercon/m00_couplers/auto_pc/inst/gen_axi4_axi3.axi3_conv_inst/USE_WRITE.write_addr_inst/USE_B_CHANNEL.cmd_b_queue/inst/fifo_gen_inst/inst_fifo_gen/gconvfifo.rf/grf.rf/gntv_or_sync_fifo.gl0.rd/gr1.rfwft/gpregsm1.curr_fwft_state_reg[1]/CLR
  -------------------------------------------------------------------    -------------------

                         (clock clk_fpga_0 rise edge)
                                                      0.000     0.000 r  
    PS7_X0Y0                                          0.000     0.000 r  testDMA_i/processing_system7_0/inst/PS7_i/FCLKCLK[0]
                         net (fo=1, routed)           1.344     1.344    testDMA_i/processing_system7_0/inst/FCLK_CLK_unbuffered[0]
    BUFGCTRL_X0Y16       BUFG (Prop_bufg_I_O)         0.029     1.373 r  testDMA_i/processing_system7_0/inst/buffer_fclk_clk_0.FCLK_CLK_0_BUFG/O
                         net (fo=11193, routed)       0.809     2.182    testDMA_i/axi_mem_intercon/m00_couplers/auto_pc/aclk
    SLICE_X48Y73                                                      r  testDMA_i/axi_mem_intercon/m00_couplers/auto_pc/inst/gen_axi4_axi3.axi3_conv_inst/USE_WRITE.write_addr_inst/USE_B_CHANNEL.cmd_b_queue/inst/fifo_gen_inst/inst_fifo_gen/gconvfifo.rf/grf.rf/gntv_or_sync_fifo.gl0.rd/gr1.rfwft/gpregsm1.curr_fwft_state_reg[1]/C
                         clock pessimism             -0.183     1.999    
    SLICE_X48Y73         FDCE (Remov_fdce_C_CLR)     -0.092     1.907    testDMA_i/axi_mem_intercon/m00_couplers/auto_pc/inst/gen_axi4_axi3.axi3_conv_inst/USE_WRITE.write_addr_inst/USE_B_CHANNEL.cmd_b_queue/inst/fifo_gen_inst/inst_fifo_gen/gconvfifo.rf/grf.rf/gntv_or_sync_fifo.gl0.rd/gr1.rfwft/gpregsm1.curr_fwft_state_reg[1]
  -------------------------------------------------------------------
                         required time                         -1.907    
                         arrival time                           2.091    
  -------------------------------------------------------------------
                         slack                                  0.183    





