08:57:22 **** Incremental Build of configuration Release for project fsbl ****
make all 
Building file: ../src/ddr_init.c
Invoking: ARM gcc compiler
arm-xilinx-eabi-gcc -Wall -O2 -c -fmessage-length=0 -I../../fsbl_bsp/ps7_cortexa9_0/include -MMD -MP -MF"src/ddr_init.d" -MT"src/ddr_init.d" -o "src/ddr_init.o" "../src/ddr_init.c"
Finished building: ../src/ddr_init.c
 
Building file: ../src/ff.c
Invoking: ARM gcc compiler
arm-xilinx-eabi-gcc -Wall -O2 -c -fmessage-length=0 -I../../fsbl_bsp/ps7_cortexa9_0/include -MMD -MP -MF"src/ff.d" -MT"src/ff.d" -o "src/ff.o" "../src/ff.c"
Finished building: ../src/ff.c
 
Building file: ../src/fsbl_handoff.S
Invoking: ARM gcc compiler
arm-xilinx-eabi-gcc -Wall -O2 -c -fmessage-length=0 -I../../fsbl_bsp/ps7_cortexa9_0/include -MMD -MP -MF"src/fsbl_handoff.d" -MT"src/fsbl_handoff.d" -o "src/fsbl_handoff.o" "../src/fsbl_handoff.S"
Finished building: ../src/fsbl_handoff.S
 
Building file: ../src/fsbl_hooks.c
Invoking: ARM gcc compiler
arm-xilinx-eabi-gcc -Wall -O2 -c -fmessage-length=0 -I../../fsbl_bsp/ps7_cortexa9_0/include -MMD -MP -MF"src/fsbl_hooks.d" -MT"src/fsbl_hooks.d" -o "src/fsbl_hooks.o" "../src/fsbl_hooks.c"
Finished building: ../src/fsbl_hooks.c
 
Building file: ../src/image_mover.c
Invoking: ARM gcc compiler
arm-xilinx-eabi-gcc -Wall -O2 -c -fmessage-length=0 -I../../fsbl_bsp/ps7_cortexa9_0/include -MMD -MP -MF"src/image_mover.d" -MT"src/image_mover.d" -o "src/image_mover.o" "../src/image_mover.c"
Finished building: ../src/image_mover.c
 
Building file: ../src/main.c
Invoking: ARM gcc compiler
arm-xilinx-eabi-gcc -Wall -O2 -c -fmessage-length=0 -I../../fsbl_bsp/ps7_cortexa9_0/include -MMD -MP -MF"src/main.d" -MT"src/main.d" -o "src/main.o" "../src/main.c"
Finished building: ../src/main.c
 
Building file: ../src/md5.c
Invoking: ARM gcc compiler
arm-xilinx-eabi-gcc -Wall -O2 -c -fmessage-length=0 -I../../fsbl_bsp/ps7_cortexa9_0/include -MMD -MP -MF"src/md5.d" -MT"src/md5.d" -o "src/md5.o" "../src/md5.c"
../src/md5.c: In function 'MD5Final':
../src/md5.c:445:2: warning: dereferencing type-punned pointer will break strict-aliasing rules [-Wstrict-aliasing]
../src/md5.c:446:2: warning: dereferencing type-punned pointer will break strict-aliasing rules [-Wstrict-aliasing]
Finished building: ../src/md5.c
 
Building file: ../src/mmc.c
Invoking: ARM gcc compiler
arm-xilinx-eabi-gcc -Wall -O2 -c -fmessage-length=0 -I../../fsbl_bsp/ps7_cortexa9_0/include -MMD -MP -MF"src/mmc.d" -MT"src/mmc.d" -o "src/mmc.o" "../src/mmc.c"
Finished building: ../src/mmc.c
 
Building file: ../src/nand.c
Invoking: ARM gcc compiler
arm-xilinx-eabi-gcc -Wall -O2 -c -fmessage-length=0 -I../../fsbl_bsp/ps7_cortexa9_0/include -MMD -MP -MF"src/nand.d" -MT"src/nand.d" -o "src/nand.o" "../src/nand.c"
Finished building: ../src/nand.c
 
Building file: ../src/nor.c
Invoking: ARM gcc compiler
arm-xilinx-eabi-gcc -Wall -O2 -c -fmessage-length=0 -I../../fsbl_bsp/ps7_cortexa9_0/include -MMD -MP -MF"src/nor.d" -MT"src/nor.d" -o "src/nor.o" "../src/nor.c"
Finished building: ../src/nor.c
 
Building file: ../src/pcap.c
Invoking: ARM gcc compiler
arm-xilinx-eabi-gcc -Wall -O2 -c -fmessage-length=0 -I../../fsbl_bsp/ps7_cortexa9_0/include -MMD -MP -MF"src/pcap.d" -MT"src/pcap.d" -o "src/pcap.o" "../src/pcap.c"
Finished building: ../src/pcap.c
 
Building file: ../src/ps7_init.c
Invoking: ARM gcc compiler
arm-xilinx-eabi-gcc -Wall -O2 -c -fmessage-length=0 -I../../fsbl_bsp/ps7_cortexa9_0/include -MMD -MP -MF"src/ps7_init.d" -MT"src/ps7_init.d" -o "src/ps7_init.o" "../src/ps7_init.c"
Finished building: ../src/ps7_init.c
 
Building file: ../src/qspi.c
Invoking: ARM gcc compiler
arm-xilinx-eabi-gcc -Wall -O2 -c -fmessage-length=0 -I../../fsbl_bsp/ps7_cortexa9_0/include -MMD -MP -MF"src/qspi.d" -MT"src/qspi.d" -o "src/qspi.o" "../src/qspi.c"
Finished building: ../src/qspi.c
 
Building file: ../src/rsa.c
Invoking: ARM gcc compiler
arm-xilinx-eabi-gcc -Wall -O2 -c -fmessage-length=0 -I../../fsbl_bsp/ps7_cortexa9_0/include -MMD -MP -MF"src/rsa.d" -MT"src/rsa.d" -o "src/rsa.o" "../src/rsa.c"
Finished building: ../src/rsa.c
 
Building file: ../src/sd.c
Invoking: ARM gcc compiler
arm-xilinx-eabi-gcc -Wall -O2 -c -fmessage-length=0 -I../../fsbl_bsp/ps7_cortexa9_0/include -MMD -MP -MF"src/sd.d" -MT"src/sd.d" -o "src/sd.o" "../src/sd.c"
Finished building: ../src/sd.c
 
Building target: fsbl.elf
Invoking: ARM gcc linker
arm-xilinx-eabi-gcc -L"/home/vladimir/stas/final_dma/fsbl/src" -Wl,-T -Wl,../src/lscript.ld -L../../fsbl_bsp/ps7_cortexa9_0/lib -o "fsbl.elf"  ./src/ddr_init.o ./src/ff.o ./src/fsbl_handoff.o ./src/fsbl_hooks.o ./src/image_mover.o ./src/main.o ./src/md5.o ./src/mmc.o ./src/nand.o ./src/nor.o ./src/pcap.o ./src/ps7_init.o ./src/qspi.o ./src/rsa.o ./src/sd.o   -lrsa -Wl,--start-group,-lxil,-lgcc,-lc,--end-group
Finished building target: fsbl.elf
 
Invoking: ARM Print Size
arm-xilinx-eabi-size fsbl.elf  |tee "fsbl.elf.size"
   text	   data	    bss	    dec	    hex	filename
  57064	  11352	  72500	 140916	  22674	fsbl.elf
Finished building: fsbl.elf.size
 
15:47:16 **** Auto Build of project fsbl_bsp ****
make -k all 
Finished building libraries
15:47:19 **** Auto Build of project device-tree_bsp_0 ****
make -k all 
libgen -hw ../hw_platform_0/system.xml\
	       -lp /home/vladimir/Z/zedboard\
	       -pe ps7_cortexa9_0 \
	       -log libgen.log \
	       system.mss
libgen
Xilinx EDK 14.7 Build EDK_P.20131013
Copyright (c) 1995-2012 Xilinx, Inc.  All rights reserved.

Command Line: libgen -hw ../hw_platform_0/system.xml -lp
/home/vladimir/Z/zedboard -pe ps7_cortexa9_0 -log libgen.log system.mss 


Staging source files.
Running DRCs.
#--------------------------------------
# device-tree BSP DRC...
#--------------------------------------
Running generate.
#--------------------------------------
# device-tree BSP generate...
#--------------------------------------
--- device tree generator version: v1.1 ---
generating xilinx.dts
Clock Port Summary:
axi_dma_0.s_axi_lite_aclk connected to processing_system7_0_FCLK_CLK0:
    CLK_FREQ_HZ = 100000000
axi_dma_0.m_axi_s2mm_aclk connected to processing_system7_0_FCLK_CLK0:
    CLK_FREQ_HZ = 100000000
axi_mem_intercon_m00_couplers_auto_pc.aclk connected to
processing_system7_0_FCLK_CLK0:
    CLK_FREQ_HZ = 100000000
axi_mem_intercon_s00_couplers_auto_us.s_axi_aclk connected to
processing_system7_0_FCLK_CLK0:
    CLK_FREQ_HZ = 100000000
axi_mem_intercon_xbar.aclk connected to processing_system7_0_FCLK_CLK0:
    CLK_FREQ_HZ = 100000000
axis_data_fifo_0.s_axis_aclk connected to processing_system7_0_FCLK_CLK0:
    CLK_FREQ_HZ = 100000000
def_stream_0.m00_axis_aclk connected to processing_system7_0_FCLK_CLK0:
    CLK_FREQ_HZ = 100000000
init_dma_1.s01_axi_aclk connected to processing_system7_0_FCLK_CLK0:
    CLK_FREQ_HZ = 100000000
init_dma_1.m00_axi_aclk connected to processing_system7_0_FCLK_CLK0:
    CLK_FREQ_HZ = 100000000
init_dma_1.s00_axi_aclk connected to processing_system7_0_FCLK_CLK0:
    CLK_FREQ_HZ = 100000000
proc_sys_reset.slowest_sync_clk connected to processing_system7_0_FCLK_CLK0:
    CLK_FREQ_HZ = 100000000
processing_system7_0_axi_periph_m00_couplers_auto_ds.s_axi_aclk connected to
processing_system7_0_FCLK_CLK0:
    CLK_FREQ_HZ = 100000000
processing_system7_0_axi_periph_m00_couplers_auto_pc.aclk connected to
processing_system7_0_FCLK_CLK0:
    CLK_FREQ_HZ = 100000000
processing_system7_0_axi_periph_m01_couplers_auto_ds.s_axi_aclk connected to
processing_system7_0_FCLK_CLK0:
    CLK_FREQ_HZ = 100000000
processing_system7_0_axi_periph_m01_couplers_auto_pc.aclk connected to
processing_system7_0_FCLK_CLK0:
    CLK_FREQ_HZ = 100000000
processing_system7_0_axi_periph_m03_couplers_auto_ds.s_axi_aclk connected to
processing_system7_0_FCLK_CLK0:
    CLK_FREQ_HZ = 100000000
processing_system7_0_axi_periph_m03_couplers_auto_pc.aclk connected to
processing_system7_0_FCLK_CLK0:
    CLK_FREQ_HZ = 100000000
processing_system7_0_axi_periph_s00_couplers_auto_pc.aclk connected to
processing_system7_0_FCLK_CLK0:
    CLK_FREQ_HZ = 100000000
processing_system7_0_axi_periph_s00_couplers_auto_us.s_axi_aclk connected to
processing_system7_0_FCLK_CLK0:
    CLK_FREQ_HZ = 100000000
processing_system7_0_axi_periph_s01_couplers_auto_pc.aclk connected to
processing_system7_0_FCLK_CLK0:
    CLK_FREQ_HZ = 100000000
processing_system7_0_axi_periph_s01_couplers_auto_us.s_axi_aclk connected to
processing_system7_0_FCLK_CLK0:
    CLK_FREQ_HZ = 100000000
processing_system7_0_axi_periph_xbar.aclk connected to
processing_system7_0_FCLK_CLK0:
    CLK_FREQ_HZ = 100000000
ps7_uart_1.S_AXI_ACLK connected to ps7_axi_interconnect_0_M_AXI_ACLK:
    CLK_FREQ_HZ = WARNING: no frequency found!
ps7_qspi_0.S_AXI_ACLK connected to ps7_axi_interconnect_0_M_AXI_ACLK:
    CLK_FREQ_HZ = WARNING: no frequency found!
ps7_qspi_linear_0.S_AXI_ACLK connected to ps7_axi_interconnect_0_M_AXI_ACLK:
    CLK_FREQ_HZ = WARNING: no frequency found!
ps7_axi_interconnect_0.M_AXI_ACLK connected to
ps7_axi_interconnect_0_M_AXI_ACLK:
    CLK_FREQ_HZ = WARNING: no frequency found!
ps7_cortexa9_0.M_AXI_DP_ACLK connected to
ps7_axi_interconnect_0_S_AXI_CTRL_ACLK:
    CLK_FREQ_HZ = WARNING: no frequency found!
ps7_cortexa9_1.M_AXI_DP_ACLK connected to
ps7_axi_interconnect_0_S_AXI_CTRL_ACLK:
    CLK_FREQ_HZ = WARNING: no frequency found!
ps7_ddr_0.S_AXI_ACLK connected to ps7_axi_interconnect_0_M_AXI_ACLK:
    CLK_FREQ_HZ = WARNING: no frequency found!
ps7_ethernet_0.S_AXI_ACLK connected to ps7_axi_interconnect_0_M_AXI_ACLK:
    CLK_FREQ_HZ = WARNING: no frequency found!
ps7_usb_0.S_AXI_ACLK connected to ps7_axi_interconnect_0_M_AXI_ACLK:
    CLK_FREQ_HZ = WARNING: no frequency found!
ps7_sd_0.S_AXI_ACLK connected to ps7_axi_interconnect_0_M_AXI_ACLK:
    CLK_FREQ_HZ = WARNING: no frequency found!
ps7_ttc_0.S_AXI_ACLK connected to ps7_axi_interconnect_0_M_AXI_ACLK:
    CLK_FREQ_HZ = WARNING: no frequency found!
ps7_gpio_0.S_AXI_ACLK connected to ps7_axi_interconnect_0_M_AXI_ACLK:
    CLK_FREQ_HZ = WARNING: no frequency found!
ps7_ddrc_0.S_AXI_ACLK connected to ps7_axi_interconnect_0_M_AXI_ACLK:
    CLK_FREQ_HZ = WARNING: no frequency found!
ps7_dev_cfg_0.S_AXI_ACLK connected to ps7_axi_interconnect_0_M_AXI_ACLK:
    CLK_FREQ_HZ = WARNING: no frequency found!
ps7_xadc_0.S_AXI_ACLK connected to ps7_axi_interconnect_0_M_AXI_ACLK:
    CLK_FREQ_HZ = WARNING: no frequency found!
ps7_ocmc_0.S_AXI_ACLK connected to ps7_axi_interconnect_0_M_AXI_ACLK:
    CLK_FREQ_HZ = WARNING: no frequency found!
ps7_coresight_comp_0.S_AXI_ACLK connected to ps7_axi_interconnect_0_M_AXI_ACLK:
    CLK_FREQ_HZ = WARNING: no frequency found!
ps7_gpv_0.S_AXI_ACLK connected to ps7_axi_interconnect_0_M_AXI_ACLK:
    CLK_FREQ_HZ = WARNING: no frequency found!
ps7_scuc_0.S_AXI_ACLK connected to ps7_axi_interconnect_0_M_AXI_ACLK:
    CLK_FREQ_HZ = WARNING: no frequency found!
ps7_globaltimer_0.S_AXI_ACLK connected to ps7_axi_interconnect_0_M_AXI_ACLK:
    CLK_FREQ_HZ = WARNING: no frequency found!
ps7_intc_dist_0.S_AXI_ACLK connected to ps7_axi_interconnect_0_M_AXI_ACLK:
    CLK_FREQ_HZ = WARNING: no frequency found!
ps7_l2cachec_0.S_AXI_ACLK connected to ps7_axi_interconnect_0_M_AXI_ACLK:
    CLK_FREQ_HZ = WARNING: no frequency found!
ps7_dma_s.S_AXI_ACLK connected to ps7_axi_interconnect_0_M_AXI_ACLK:
    CLK_FREQ_HZ = WARNING: no frequency found!
ps7_iop_bus_config_0.S_AXI_ACLK connected to ps7_axi_interconnect_0_M_AXI_ACLK:
    CLK_FREQ_HZ = WARNING: no frequency found!
ps7_ram_0.S_AXI_ACLK connected to ps7_axi_interconnect_0_M_AXI_ACLK:
    CLK_FREQ_HZ = WARNING: no frequency found!
ps7_ram_1.S_AXI_ACLK connected to ps7_axi_interconnect_0_M_AXI_ACLK:
    CLK_FREQ_HZ = WARNING: no frequency found!
ps7_scugic_0.S_AXI_ACLK connected to ps7_axi_interconnect_0_M_AXI_ACLK:
    CLK_FREQ_HZ = WARNING: no frequency found!
ps7_scutimer_0.S_AXI_ACLK connected to ps7_axi_interconnect_0_M_AXI_ACLK:
    CLK_FREQ_HZ = WARNING: no frequency found!
ps7_scuwdt_0.S_AXI_ACLK connected to ps7_axi_interconnect_0_M_AXI_ACLK:
    CLK_FREQ_HZ = WARNING: no frequency found!
ps7_slcr_0.S_AXI_ACLK connected to ps7_axi_interconnect_0_M_AXI_ACLK:
    CLK_FREQ_HZ = WARNING: no frequency found!
ps7_dma_ns.S_AXI_ACLK connected to ps7_axi_interconnect_0_M_AXI_ACLK:
    CLK_FREQ_HZ = WARNING: no frequency found!
ps7_afi_0.S_AXI_ACLK connected to ps7_axi_interconnect_0_M_AXI_ACLK:
    CLK_FREQ_HZ = WARNING: no frequency found!
ps7_afi_1.S_AXI_ACLK connected to ps7_axi_interconnect_0_M_AXI_ACLK:
    CLK_FREQ_HZ = WARNING: no frequency found!
ps7_afi_2.S_AXI_ACLK connected to ps7_axi_interconnect_0_M_AXI_ACLK:
    CLK_FREQ_HZ = WARNING: no frequency found!
ps7_afi_3.S_AXI_ACLK connected to ps7_axi_interconnect_0_M_AXI_ACLK:
    CLK_FREQ_HZ = WARNING: no frequency found!
IP connected to bus: ps7_axi_interconnect_0
-master M_AXI_DP ps7_axi_interconnect_0 ps7_cortexa9_0
-master M_AXI_DP ps7_axi_interconnect_0 ps7_cortexa9_1
-slave S_AXI ps7_axi_interconnect_0 ps7_uart_1
-slave S_AXI ps7_axi_interconnect_0 ps7_qspi_0
-slave S_AXI ps7_axi_interconnect_0 ps7_qspi_linear_0
-slave S_AXI ps7_axi_interconnect_0 ps7_ethernet_0
-slave S_AXI ps7_axi_interconnect_0 ps7_usb_0
-slave S_AXI ps7_axi_interconnect_0 ps7_sd_0
-slave S_AXI ps7_axi_interconnect_0 ps7_ttc_0
-slave S_AXI ps7_axi_interconnect_0 ps7_gpio_0
-slave S_AXI ps7_axi_interconnect_0 ps7_ddrc_0
-slave S_AXI ps7_axi_interconnect_0 ps7_dev_cfg_0
-slave S_AXI ps7_axi_interconnect_0 ps7_xadc_0
-slave S_AXI ps7_axi_interconnect_0 ps7_ocmc_0
-slave S_AXI ps7_axi_interconnect_0 ps7_coresight_comp_0
-slave S_AXI ps7_axi_interconnect_0 ps7_gpv_0
-slave S_AXI ps7_axi_interconnect_0 ps7_scuc_0
-slave S_AXI ps7_axi_interconnect_0 ps7_globaltimer_0
-slave S_AXI ps7_axi_interconnect_0 ps7_intc_dist_0
-slave S_AXI ps7_axi_interconnect_0 ps7_l2cachec_0
-slave S_AXI ps7_axi_interconnect_0 ps7_dma_s
-slave S_AXI ps7_axi_interconnect_0 ps7_iop_bus_config_0
-slave S_AXI ps7_axi_interconnect_0 ps7_ram_1
-slave S_AXI ps7_axi_interconnect_0 ps7_scugic_0
-slave S_AXI ps7_axi_interconnect_0 ps7_scutimer_0
-slave S_AXI ps7_axi_interconnect_0 ps7_scuwdt_0
-slave S_AXI ps7_axi_interconnect_0 ps7_slcr_0
-slave S_AXI ps7_axi_interconnect_0 ps7_dma_ns
-slave S_AXI ps7_axi_interconnect_0 ps7_afi_0
-slave S_AXI ps7_axi_interconnect_0 ps7_afi_1
-slave S_AXI ps7_axi_interconnect_0 ps7_afi_2
-slave S_AXI ps7_axi_interconnect_0 ps7_afi_3
-slave axi_dma_0
-slave init_dma_1
-slave ps7_afi_0
IP 50423136 ps7_afi_0 is already appended - skip it
-slave ps7_afi_1
IP 50423536 ps7_afi_1 is already appended - skip it
-slave ps7_afi_2
IP 50423936 ps7_afi_2 is already appended - skip it
-slave ps7_afi_3
IP 50424336 ps7_afi_3 is already appended - skip it
-slave ps7_coresight_comp_0
IP 50254080 ps7_coresight_comp_0 is already appended - skip it
-slave ps7_ddr_0
-slave ps7_ddrc_0
IP 50252480 ps7_ddrc_0 is already appended - skip it
-slave ps7_dev_cfg_0
IP 50252880 ps7_dev_cfg_0 is already appended - skip it
-slave ps7_dma_ns
-slave ps7_dma_s
IP 50419536 ps7_dma_s is already appended - skip it
-slave ps7_ethernet_0
IP 50250480 ps7_ethernet_0 is already appended - skip it
-slave ps7_globaltimer_0
IP 50418336 ps7_globaltimer_0 is already appended - skip it
-slave ps7_gpio_0
IP 50252080 ps7_gpio_0 is already appended - skip it
-slave ps7_gpv_0
IP 50254480 ps7_gpv_0 is already appended - skip it
-slave ps7_intc_dist_0
IP 50418736 ps7_intc_dist_0 is already appended - skip it
-slave ps7_iop_bus_config_0
IP 50419936 ps7_iop_bus_config_0 is already appended - skip it
-slave ps7_l2cachec_0
IP 50419136 ps7_l2cachec_0 is already appended - skip it
-slave ps7_ocmc_0
IP 50253680 ps7_ocmc_0 is already appended - skip it
-slave ps7_qspi_0
IP 50248480 ps7_qspi_0 is already appended - skip it
-slave ps7_qspi_linear_0
IP 50248880 ps7_qspi_linear_0 is already appended - skip it
-slave ps7_ram_0
-slave ps7_ram_1
IP 50420736 ps7_ram_1 is already appended - skip it
-slave ps7_scuc_0
IP 50417936 ps7_scuc_0 is already appended - skip it
-slave ps7_scugic_0
IP 50421136 ps7_scugic_0 is already appended - skip it
-slave ps7_scutimer_0
IP 50421536 ps7_scutimer_0 is already appended - skip it
-slave ps7_scuwdt_0
IP 50421936 ps7_scuwdt_0 is already appended - skip it
-slave ps7_sd_0
IP 50251280 ps7_sd_0 is already appended - skip it
-slave ps7_slcr_0
IP 50422336 ps7_slcr_0 is already appended - skip it
-slave ps7_ttc_0
IP 50251680 ps7_ttc_0 is already appended - skip it
-slave ps7_uart_1
IP 50248080 ps7_uart_1 is already appended - skip it
-slave ps7_usb_0
IP 50250880 ps7_usb_0 is already appended - skip it
-slave ps7_xadc_0
IP 50253280 ps7_xadc_0 is already appended - skip it
ps7_ocmc_0
ps7_coresight_comp_0
ps7_gpv_0
ps7_scuc_0
ps7_globaltimer_0
ps7_intc_dist_0
ps7_l2cachec_0
ps7_afi_0
ps7_afi_1
ps7_afi_2
ps7_afi_3
START DMA
1
2
init_dma_1
{serial1 aliasref ps7_uart_1 1} {spi0 aliasref ps7_qspi_0 0} {ethernet0 aliasref
ps7_ethernet_0 0}
WARNING:EDK - : no console ip was specified.  This may prevent output from
   appearing on the boot console.

Running post_generate.
Running execs_generate.
Finished building libraries
15:47:24 **** Auto Build of configuration Release for project fsbl ****
make all 
Building file: ../src/ps7_init.c
Invoking: ARM gcc compiler
arm-xilinx-eabi-gcc -Wall -O2 -c -fmessage-length=0 -I../../fsbl_bsp/ps7_cortexa9_0/include -MMD -MP -MF"src/ps7_init.d" -MT"src/ps7_init.d" -o "src/ps7_init.o" "../src/ps7_init.c"
Finished building: ../src/ps7_init.c
 
Building target: fsbl.elf
Invoking: ARM gcc linker
arm-xilinx-eabi-gcc -L"/home/vladimir/stas/final_dma/fsbl/src" -Wl,-T -Wl,../src/lscript.ld -L../../fsbl_bsp/ps7_cortexa9_0/lib -o "fsbl.elf"  ./src/ddr_init.o ./src/ff.o ./src/fsbl_handoff.o ./src/fsbl_hooks.o ./src/image_mover.o ./src/main.o ./src/md5.o ./src/mmc.o ./src/nand.o ./src/nor.o ./src/pcap.o ./src/ps7_init.o ./src/qspi.o ./src/rsa.o ./src/sd.o   -lrsa -Wl,--start-group,-lxil,-lgcc,-lc,--end-group
Finished building target: fsbl.elf
 
Invoking: ARM Print Size
arm-xilinx-eabi-size fsbl.elf  |tee "fsbl.elf.size"
   text	   data	    bss	    dec	    hex	filename
  57064	  11352	  72500	 140916	  22674	fsbl.elf
Finished building: fsbl.elf.size
 
15:47:27 **** Clean-only build of project device-tree_bsp_0 ****
make -k clean 
rm -rf ps7_cortexa9_0
15:47:27 **** Clean-only build of project fsbl_bsp ****
make -k clean 
rm -rf ps7_cortexa9_0
15:47:27 **** Clean-only build of configuration Release for project fsbl ****
make clean 
rm -rf  ./src/ddr_init.o ./src/ff.o ./src/fsbl_handoff.o ./src/fsbl_hooks.o ./src/image_mover.o ./src/main.o ./src/md5.o ./src/mmc.o ./src/nand.o ./src/nor.o ./src/pcap.o ./src/ps7_init.o ./src/qspi.o ./src/rsa.o ./src/sd.o  ./src/ddr_init.d ./src/ff.d ./src/fsbl_hooks.d ./src/image_mover.d ./src/main.d ./src/md5.d ./src/mmc.d ./src/nand.d ./src/nor.d ./src/pcap.d ./src/ps7_init.d ./src/qspi.d ./src/rsa.d ./src/sd.d  fsbl.elf.size  ./src/fsbl_handoff.d  fsbl.elf
 
15:47:27 **** Build of project fsbl_bsp ****
make -k all 
libgen -hw ../hw_platform_0/system.xml\
	       -lp /home/vladimir/Z/zedboard\
	       -pe ps7_cortexa9_0 \
	       -log libgen.log \
	       system.mss
libgen
Xilinx EDK 14.7 Build EDK_P.20131013
Copyright (c) 1995-2012 Xilinx, Inc.  All rights reserved.

Command Line: libgen -hw ../hw_platform_0/system.xml -lp
/home/vladimir/Z/zedboard -pe ps7_cortexa9_0 -log libgen.log system.mss 


Staging source files.
Running DRCs.
Running generate.
Running post_generate.
Running include - 'gmake -s include "COMPILER=arm-xilinx-eabi-gcc"
"ARCHIVER=arm-xilinx-eabi-ar" "COMPILER_FLAGS= -O2 -c"
"EXTRA_COMPILER_FLAGS=-g"'.

Running libs - 'gmake -s libs "COMPILER=arm-xilinx-eabi-gcc"
"ARCHIVER=arm-xilinx-eabi-ar" "COMPILER_FLAGS= -O2 -c"
"EXTRA_COMPILER_FLAGS=-g"'.
Compiling common
arm-xilinx-eabi-ar: creating ../../../lib/libxil.a
Compiling standalone
Compiling axidma
Compiling devcfg
Compiling dmaps
Compiling emacps
Compiling gpiops
Compiling qspips
Compiling scugic
Compiling scutimer
Compiling scuwdt
Compiling ttcps
Compiling uartps
Compiling usbps
Compiling xadcps
Compiling cpu_cortexa9
Running execs_generate.
Finished building libraries
15:47:42 **** Build of configuration Release for project fsbl ****
make all 
Building file: ../src/ddr_init.c
Invoking: ARM gcc compiler
arm-xilinx-eabi-gcc -Wall -O2 -c -fmessage-length=0 -I../../fsbl_bsp/ps7_cortexa9_0/include -MMD -MP -MF"src/ddr_init.d" -MT"src/ddr_init.d" -o "src/ddr_init.o" "../src/ddr_init.c"
Finished building: ../src/ddr_init.c
 
Building file: ../src/ff.c
Invoking: ARM gcc compiler
arm-xilinx-eabi-gcc -Wall -O2 -c -fmessage-length=0 -I../../fsbl_bsp/ps7_cortexa9_0/include -MMD -MP -MF"src/ff.d" -MT"src/ff.d" -o "src/ff.o" "../src/ff.c"
Finished building: ../src/ff.c
 
Building file: ../src/fsbl_handoff.S
Invoking: ARM gcc compiler
arm-xilinx-eabi-gcc -Wall -O2 -c -fmessage-length=0 -I../../fsbl_bsp/ps7_cortexa9_0/include -MMD -MP -MF"src/fsbl_handoff.d" -MT"src/fsbl_handoff.d" -o "src/fsbl_handoff.o" "../src/fsbl_handoff.S"
Finished building: ../src/fsbl_handoff.S
 
Building file: ../src/fsbl_hooks.c
Invoking: ARM gcc compiler
arm-xilinx-eabi-gcc -Wall -O2 -c -fmessage-length=0 -I../../fsbl_bsp/ps7_cortexa9_0/include -MMD -MP -MF"src/fsbl_hooks.d" -MT"src/fsbl_hooks.d" -o "src/fsbl_hooks.o" "../src/fsbl_hooks.c"
Finished building: ../src/fsbl_hooks.c
 
Building file: ../src/image_mover.c
Invoking: ARM gcc compiler
arm-xilinx-eabi-gcc -Wall -O2 -c -fmessage-length=0 -I../../fsbl_bsp/ps7_cortexa9_0/include -MMD -MP -MF"src/image_mover.d" -MT"src/image_mover.d" -o "src/image_mover.o" "../src/image_mover.c"
Finished building: ../src/image_mover.c
 
Building file: ../src/main.c
Invoking: ARM gcc compiler
arm-xilinx-eabi-gcc -Wall -O2 -c -fmessage-length=0 -I../../fsbl_bsp/ps7_cortexa9_0/include -MMD -MP -MF"src/main.d" -MT"src/main.d" -o "src/main.o" "../src/main.c"
Finished building: ../src/main.c
 
Building file: ../src/md5.c
Invoking: ARM gcc compiler
arm-xilinx-eabi-gcc -Wall -O2 -c -fmessage-length=0 -I../../fsbl_bsp/ps7_cortexa9_0/include -MMD -MP -MF"src/md5.d" -MT"src/md5.d" -o "src/md5.o" "../src/md5.c"
../src/md5.c: In function 'MD5Final':
../src/md5.c:445:2: warning: dereferencing type-punned pointer will break strict-aliasing rules [-Wstrict-aliasing]
../src/md5.c:446:2: warning: dereferencing type-punned pointer will break strict-aliasing rules [-Wstrict-aliasing]
Finished building: ../src/md5.c
 
Building file: ../src/mmc.c
Invoking: ARM gcc compiler
arm-xilinx-eabi-gcc -Wall -O2 -c -fmessage-length=0 -I../../fsbl_bsp/ps7_cortexa9_0/include -MMD -MP -MF"src/mmc.d" -MT"src/mmc.d" -o "src/mmc.o" "../src/mmc.c"
Finished building: ../src/mmc.c
 
Building file: ../src/nand.c
Invoking: ARM gcc compiler
arm-xilinx-eabi-gcc -Wall -O2 -c -fmessage-length=0 -I../../fsbl_bsp/ps7_cortexa9_0/include -MMD -MP -MF"src/nand.d" -MT"src/nand.d" -o "src/nand.o" "../src/nand.c"
Finished building: ../src/nand.c
 
Building file: ../src/nor.c
Invoking: ARM gcc compiler
arm-xilinx-eabi-gcc -Wall -O2 -c -fmessage-length=0 -I../../fsbl_bsp/ps7_cortexa9_0/include -MMD -MP -MF"src/nor.d" -MT"src/nor.d" -o "src/nor.o" "../src/nor.c"
Finished building: ../src/nor.c
 
Building file: ../src/pcap.c
Invoking: ARM gcc compiler
arm-xilinx-eabi-gcc -Wall -O2 -c -fmessage-length=0 -I../../fsbl_bsp/ps7_cortexa9_0/include -MMD -MP -MF"src/pcap.d" -MT"src/pcap.d" -o "src/pcap.o" "../src/pcap.c"
Finished building: ../src/pcap.c
 
Building file: ../src/ps7_init.c
Invoking: ARM gcc compiler
arm-xilinx-eabi-gcc -Wall -O2 -c -fmessage-length=0 -I../../fsbl_bsp/ps7_cortexa9_0/include -MMD -MP -MF"src/ps7_init.d" -MT"src/ps7_init.d" -o "src/ps7_init.o" "../src/ps7_init.c"
Finished building: ../src/ps7_init.c
 
Building file: ../src/qspi.c
Invoking: ARM gcc compiler
arm-xilinx-eabi-gcc -Wall -O2 -c -fmessage-length=0 -I../../fsbl_bsp/ps7_cortexa9_0/include -MMD -MP -MF"src/qspi.d" -MT"src/qspi.d" -o "src/qspi.o" "../src/qspi.c"
Finished building: ../src/qspi.c
 
Building file: ../src/rsa.c
Invoking: ARM gcc compiler
arm-xilinx-eabi-gcc -Wall -O2 -c -fmessage-length=0 -I../../fsbl_bsp/ps7_cortexa9_0/include -MMD -MP -MF"src/rsa.d" -MT"src/rsa.d" -o "src/rsa.o" "../src/rsa.c"
Finished building: ../src/rsa.c
 
Building file: ../src/sd.c
Invoking: ARM gcc compiler
arm-xilinx-eabi-gcc -Wall -O2 -c -fmessage-length=0 -I../../fsbl_bsp/ps7_cortexa9_0/include -MMD -MP -MF"src/sd.d" -MT"src/sd.d" -o "src/sd.o" "../src/sd.c"
Finished building: ../src/sd.c
 
Building target: fsbl.elf
Invoking: ARM gcc linker
arm-xilinx-eabi-gcc -L"/home/vladimir/stas/final_dma/fsbl/src" -Wl,-T -Wl,../src/lscript.ld -L../../fsbl_bsp/ps7_cortexa9_0/lib -o "fsbl.elf"  ./src/ddr_init.o ./src/ff.o ./src/fsbl_handoff.o ./src/fsbl_hooks.o ./src/image_mover.o ./src/main.o ./src/md5.o ./src/mmc.o ./src/nand.o ./src/nor.o ./src/pcap.o ./src/ps7_init.o ./src/qspi.o ./src/rsa.o ./src/sd.o   -lrsa -Wl,--start-group,-lxil,-lgcc,-lc,--end-group
Finished building target: fsbl.elf
 
Invoking: ARM Print Size
arm-xilinx-eabi-size fsbl.elf  |tee "fsbl.elf.size"
   text	   data	    bss	    dec	    hex	filename
  57064	  11352	  72500	 140916	  22674	fsbl.elf
Finished building: fsbl.elf.size
 
15:47:43 **** Build of project device-tree_bsp_0 ****
make -k all 
libgen -hw ../hw_platform_0/system.xml\
	       -lp /home/vladimir/Z/zedboard\
	       -pe ps7_cortexa9_0 \
	       -log libgen.log \
	       system.mss
libgen
Xilinx EDK 14.7 Build EDK_P.20131013
Copyright (c) 1995-2012 Xilinx, Inc.  All rights reserved.

Command Line: libgen -hw ../hw_platform_0/system.xml -lp
/home/vladimir/Z/zedboard -pe ps7_cortexa9_0 -log libgen.log system.mss 


Staging source files.
Running DRCs.
#--------------------------------------
# device-tree BSP DRC...
#--------------------------------------
Running generate.
#--------------------------------------
# device-tree BSP generate...
#--------------------------------------
--- device tree generator version: v1.1 ---
generating xilinx.dts
Clock Port Summary:
axi_dma_0.s_axi_lite_aclk connected to processing_system7_0_FCLK_CLK0:
    CLK_FREQ_HZ = 100000000
axi_dma_0.m_axi_s2mm_aclk connected to processing_system7_0_FCLK_CLK0:
    CLK_FREQ_HZ = 100000000
axi_mem_intercon_m00_couplers_auto_pc.aclk connected to
processing_system7_0_FCLK_CLK0:
    CLK_FREQ_HZ = 100000000
axi_mem_intercon_s00_couplers_auto_us.s_axi_aclk connected to
processing_system7_0_FCLK_CLK0:
    CLK_FREQ_HZ = 100000000
axi_mem_intercon_xbar.aclk connected to processing_system7_0_FCLK_CLK0:
    CLK_FREQ_HZ = 100000000
axis_data_fifo_0.s_axis_aclk connected to processing_system7_0_FCLK_CLK0:
    CLK_FREQ_HZ = 100000000
def_stream_0.m00_axis_aclk connected to processing_system7_0_FCLK_CLK0:
    CLK_FREQ_HZ = 100000000
init_dma_1.s01_axi_aclk connected to processing_system7_0_FCLK_CLK0:
    CLK_FREQ_HZ = 100000000
init_dma_1.m00_axi_aclk connected to processing_system7_0_FCLK_CLK0:
    CLK_FREQ_HZ = 100000000
init_dma_1.s00_axi_aclk connected to processing_system7_0_FCLK_CLK0:
    CLK_FREQ_HZ = 100000000
proc_sys_reset.slowest_sync_clk connected to processing_system7_0_FCLK_CLK0:
    CLK_FREQ_HZ = 100000000
processing_system7_0_axi_periph_m00_couplers_auto_ds.s_axi_aclk connected to
processing_system7_0_FCLK_CLK0:
    CLK_FREQ_HZ = 100000000
processing_system7_0_axi_periph_m00_couplers_auto_pc.aclk connected to
processing_system7_0_FCLK_CLK0:
    CLK_FREQ_HZ = 100000000
processing_system7_0_axi_periph_m01_couplers_auto_ds.s_axi_aclk connected to
processing_system7_0_FCLK_CLK0:
    CLK_FREQ_HZ = 100000000
processing_system7_0_axi_periph_m01_couplers_auto_pc.aclk connected to
processing_system7_0_FCLK_CLK0:
    CLK_FREQ_HZ = 100000000
processing_system7_0_axi_periph_m03_couplers_auto_ds.s_axi_aclk connected to
processing_system7_0_FCLK_CLK0:
    CLK_FREQ_HZ = 100000000
processing_system7_0_axi_periph_m03_couplers_auto_pc.aclk connected to
processing_system7_0_FCLK_CLK0:
    CLK_FREQ_HZ = 100000000
processing_system7_0_axi_periph_s00_couplers_auto_pc.aclk connected to
processing_system7_0_FCLK_CLK0:
    CLK_FREQ_HZ = 100000000
processing_system7_0_axi_periph_s00_couplers_auto_us.s_axi_aclk connected to
processing_system7_0_FCLK_CLK0:
    CLK_FREQ_HZ = 100000000
processing_system7_0_axi_periph_s01_couplers_auto_pc.aclk connected to
processing_system7_0_FCLK_CLK0:
    CLK_FREQ_HZ = 100000000
processing_system7_0_axi_periph_s01_couplers_auto_us.s_axi_aclk connected to
processing_system7_0_FCLK_CLK0:
    CLK_FREQ_HZ = 100000000
processing_system7_0_axi_periph_xbar.aclk connected to
processing_system7_0_FCLK_CLK0:
    CLK_FREQ_HZ = 100000000
ps7_uart_1.S_AXI_ACLK connected to ps7_axi_interconnect_0_M_AXI_ACLK:
    CLK_FREQ_HZ = WARNING: no frequency found!
ps7_qspi_0.S_AXI_ACLK connected to ps7_axi_interconnect_0_M_AXI_ACLK:
    CLK_FREQ_HZ = WARNING: no frequency found!
ps7_qspi_linear_0.S_AXI_ACLK connected to ps7_axi_interconnect_0_M_AXI_ACLK:
    CLK_FREQ_HZ = WARNING: no frequency found!
ps7_axi_interconnect_0.M_AXI_ACLK connected to
ps7_axi_interconnect_0_M_AXI_ACLK:
    CLK_FREQ_HZ = WARNING: no frequency found!
ps7_cortexa9_0.M_AXI_DP_ACLK connected to
ps7_axi_interconnect_0_S_AXI_CTRL_ACLK:
    CLK_FREQ_HZ = WARNING: no frequency found!
ps7_cortexa9_1.M_AXI_DP_ACLK connected to
ps7_axi_interconnect_0_S_AXI_CTRL_ACLK:
    CLK_FREQ_HZ = WARNING: no frequency found!
ps7_ddr_0.S_AXI_ACLK connected to ps7_axi_interconnect_0_M_AXI_ACLK:
    CLK_FREQ_HZ = WARNING: no frequency found!
ps7_ethernet_0.S_AXI_ACLK connected to ps7_axi_interconnect_0_M_AXI_ACLK:
    CLK_FREQ_HZ = WARNING: no frequency found!
ps7_usb_0.S_AXI_ACLK connected to ps7_axi_interconnect_0_M_AXI_ACLK:
    CLK_FREQ_HZ = WARNING: no frequency found!
ps7_sd_0.S_AXI_ACLK connected to ps7_axi_interconnect_0_M_AXI_ACLK:
    CLK_FREQ_HZ = WARNING: no frequency found!
ps7_ttc_0.S_AXI_ACLK connected to ps7_axi_interconnect_0_M_AXI_ACLK:
    CLK_FREQ_HZ = WARNING: no frequency found!
ps7_gpio_0.S_AXI_ACLK connected to ps7_axi_interconnect_0_M_AXI_ACLK:
    CLK_FREQ_HZ = WARNING: no frequency found!
ps7_ddrc_0.S_AXI_ACLK connected to ps7_axi_interconnect_0_M_AXI_ACLK:
    CLK_FREQ_HZ = WARNING: no frequency found!
ps7_dev_cfg_0.S_AXI_ACLK connected to ps7_axi_interconnect_0_M_AXI_ACLK:
    CLK_FREQ_HZ = WARNING: no frequency found!
ps7_xadc_0.S_AXI_ACLK connected to ps7_axi_interconnect_0_M_AXI_ACLK:
    CLK_FREQ_HZ = WARNING: no frequency found!
ps7_ocmc_0.S_AXI_ACLK connected to ps7_axi_interconnect_0_M_AXI_ACLK:
    CLK_FREQ_HZ = WARNING: no frequency found!
ps7_coresight_comp_0.S_AXI_ACLK connected to ps7_axi_interconnect_0_M_AXI_ACLK:
    CLK_FREQ_HZ = WARNING: no frequency found!
ps7_gpv_0.S_AXI_ACLK connected to ps7_axi_interconnect_0_M_AXI_ACLK:
    CLK_FREQ_HZ = WARNING: no frequency found!
ps7_scuc_0.S_AXI_ACLK connected to ps7_axi_interconnect_0_M_AXI_ACLK:
    CLK_FREQ_HZ = WARNING: no frequency found!
ps7_globaltimer_0.S_AXI_ACLK connected to ps7_axi_interconnect_0_M_AXI_ACLK:
    CLK_FREQ_HZ = WARNING: no frequency found!
ps7_intc_dist_0.S_AXI_ACLK connected to ps7_axi_interconnect_0_M_AXI_ACLK:
    CLK_FREQ_HZ = WARNING: no frequency found!
ps7_l2cachec_0.S_AXI_ACLK connected to ps7_axi_interconnect_0_M_AXI_ACLK:
    CLK_FREQ_HZ = WARNING: no frequency found!
ps7_dma_s.S_AXI_ACLK connected to ps7_axi_interconnect_0_M_AXI_ACLK:
    CLK_FREQ_HZ = WARNING: no frequency found!
ps7_iop_bus_config_0.S_AXI_ACLK connected to ps7_axi_interconnect_0_M_AXI_ACLK:
    CLK_FREQ_HZ = WARNING: no frequency found!
ps7_ram_0.S_AXI_ACLK connected to ps7_axi_interconnect_0_M_AXI_ACLK:
    CLK_FREQ_HZ = WARNING: no frequency found!
ps7_ram_1.S_AXI_ACLK connected to ps7_axi_interconnect_0_M_AXI_ACLK:
    CLK_FREQ_HZ = WARNING: no frequency found!
ps7_scugic_0.S_AXI_ACLK connected to ps7_axi_interconnect_0_M_AXI_ACLK:
    CLK_FREQ_HZ = WARNING: no frequency found!
ps7_scutimer_0.S_AXI_ACLK connected to ps7_axi_interconnect_0_M_AXI_ACLK:
    CLK_FREQ_HZ = WARNING: no frequency found!
ps7_scuwdt_0.S_AXI_ACLK connected to ps7_axi_interconnect_0_M_AXI_ACLK:
    CLK_FREQ_HZ = WARNING: no frequency found!
ps7_slcr_0.S_AXI_ACLK connected to ps7_axi_interconnect_0_M_AXI_ACLK:
    CLK_FREQ_HZ = WARNING: no frequency found!
ps7_dma_ns.S_AXI_ACLK connected to ps7_axi_interconnect_0_M_AXI_ACLK:
    CLK_FREQ_HZ = WARNING: no frequency found!
ps7_afi_0.S_AXI_ACLK connected to ps7_axi_interconnect_0_M_AXI_ACLK:
    CLK_FREQ_HZ = WARNING: no frequency found!
ps7_afi_1.S_AXI_ACLK connected to ps7_axi_interconnect_0_M_AXI_ACLK:
    CLK_FREQ_HZ = WARNING: no frequency found!
ps7_afi_2.S_AXI_ACLK connected to ps7_axi_interconnect_0_M_AXI_ACLK:
    CLK_FREQ_HZ = WARNING: no frequency found!
ps7_afi_3.S_AXI_ACLK connected to ps7_axi_interconnect_0_M_AXI_ACLK:
    CLK_FREQ_HZ = WARNING: no frequency found!
IP connected to bus: ps7_axi_interconnect_0
-master M_AXI_DP ps7_axi_interconnect_0 ps7_cortexa9_0
-master M_AXI_DP ps7_axi_interconnect_0 ps7_cortexa9_1
-slave S_AXI ps7_axi_interconnect_0 ps7_uart_1
-slave S_AXI ps7_axi_interconnect_0 ps7_qspi_0
-slave S_AXI ps7_axi_interconnect_0 ps7_qspi_linear_0
-slave S_AXI ps7_axi_interconnect_0 ps7_ethernet_0
-slave S_AXI ps7_axi_interconnect_0 ps7_usb_0
-slave S_AXI ps7_axi_interconnect_0 ps7_sd_0
-slave S_AXI ps7_axi_interconnect_0 ps7_ttc_0
-slave S_AXI ps7_axi_interconnect_0 ps7_gpio_0
-slave S_AXI ps7_axi_interconnect_0 ps7_ddrc_0
-slave S_AXI ps7_axi_interconnect_0 ps7_dev_cfg_0
-slave S_AXI ps7_axi_interconnect_0 ps7_xadc_0
-slave S_AXI ps7_axi_interconnect_0 ps7_ocmc_0
-slave S_AXI ps7_axi_interconnect_0 ps7_coresight_comp_0
-slave S_AXI ps7_axi_interconnect_0 ps7_gpv_0
-slave S_AXI ps7_axi_interconnect_0 ps7_scuc_0
-slave S_AXI ps7_axi_interconnect_0 ps7_globaltimer_0
-slave S_AXI ps7_axi_interconnect_0 ps7_intc_dist_0
-slave S_AXI ps7_axi_interconnect_0 ps7_l2cachec_0
-slave S_AXI ps7_axi_interconnect_0 ps7_dma_s
-slave S_AXI ps7_axi_interconnect_0 ps7_iop_bus_config_0
-slave S_AXI ps7_axi_interconnect_0 ps7_ram_1
-slave S_AXI ps7_axi_interconnect_0 ps7_scugic_0
-slave S_AXI ps7_axi_interconnect_0 ps7_scutimer_0
-slave S_AXI ps7_axi_interconnect_0 ps7_scuwdt_0
-slave S_AXI ps7_axi_interconnect_0 ps7_slcr_0
-slave S_AXI ps7_axi_interconnect_0 ps7_dma_ns
-slave S_AXI ps7_axi_interconnect_0 ps7_afi_0
-slave S_AXI ps7_axi_interconnect_0 ps7_afi_1
-slave S_AXI ps7_axi_interconnect_0 ps7_afi_2
-slave S_AXI ps7_axi_interconnect_0 ps7_afi_3
-slave axi_dma_0
-slave init_dma_1
-slave ps7_afi_0
IP 54106960 ps7_afi_0 is already appended - skip it
-slave ps7_afi_1
IP 54107360 ps7_afi_1 is already appended - skip it
-slave ps7_afi_2
IP 54107760 ps7_afi_2 is already appended - skip it
-slave ps7_afi_3
IP 54108160 ps7_afi_3 is already appended - skip it
-slave ps7_coresight_comp_0
IP 54100960 ps7_coresight_comp_0 is already appended - skip it
-slave ps7_ddr_0
-slave ps7_ddrc_0
IP 54099360 ps7_ddrc_0 is already appended - skip it
-slave ps7_dev_cfg_0
IP 54099760 ps7_dev_cfg_0 is already appended - skip it
-slave ps7_dma_ns
-slave ps7_dma_s
IP 54103360 ps7_dma_s is already appended - skip it
-slave ps7_ethernet_0
IP 54439904 ps7_ethernet_0 is already appended - skip it
-slave ps7_globaltimer_0
IP 54102160 ps7_globaltimer_0 is already appended - skip it
-slave ps7_gpio_0
IP 54441504 ps7_gpio_0 is already appended - skip it
-slave ps7_gpv_0
IP 54101360 ps7_gpv_0 is already appended - skip it
-slave ps7_intc_dist_0
IP 54102560 ps7_intc_dist_0 is already appended - skip it
-slave ps7_iop_bus_config_0
IP 54103760 ps7_iop_bus_config_0 is already appended - skip it
-slave ps7_l2cachec_0
IP 54102960 ps7_l2cachec_0 is already appended - skip it
-slave ps7_ocmc_0
IP 54100560 ps7_ocmc_0 is already appended - skip it
-slave ps7_qspi_0
IP 54437904 ps7_qspi_0 is already appended - skip it
-slave ps7_qspi_linear_0
IP 54438304 ps7_qspi_linear_0 is already appended - skip it
-slave ps7_ram_0
-slave ps7_ram_1
IP 54104560 ps7_ram_1 is already appended - skip it
-slave ps7_scuc_0
IP 54101760 ps7_scuc_0 is already appended - skip it
-slave ps7_scugic_0
IP 54104960 ps7_scugic_0 is already appended - skip it
-slave ps7_scutimer_0
IP 54105360 ps7_scutimer_0 is already appended - skip it
-slave ps7_scuwdt_0
IP 54105760 ps7_scuwdt_0 is already appended - skip it
-slave ps7_sd_0
IP 54440704 ps7_sd_0 is already appended - skip it
-slave ps7_slcr_0
IP 54106160 ps7_slcr_0 is already appended - skip it
-slave ps7_ttc_0
IP 54441104 ps7_ttc_0 is already appended - skip it
-slave ps7_uart_1
IP 54437504 ps7_uart_1 is already appended - skip it
-slave ps7_usb_0
IP 54440304 ps7_usb_0 is already appended - skip it
-slave ps7_xadc_0
IP 54100160 ps7_xadc_0 is already appended - skip it
ps7_ocmc_0
ps7_coresight_comp_0
ps7_gpv_0
ps7_scuc_0
ps7_globaltimer_0
ps7_intc_dist_0
ps7_l2cachec_0
ps7_afi_0
ps7_afi_1
ps7_afi_2
ps7_afi_3
START DMA
1
2
init_dma_1
{serial1 aliasref ps7_uart_1 1} {spi0 aliasref ps7_qspi_0 0} {ethernet0 aliasref
ps7_ethernet_0 0}
WARNING:EDK - : no console ip was specified.  This may prevent output from
   appearing on the boot console.

Running post_generate.
Running execs_generate.
Finished building libraries
16:17:10 **** Auto Build of project fsbl_bsp ****
make -k all 
libgen -hw ../hw_platform_0/system.xml\
	       -lp /home/vladimir/Z/zedboard\
	       -pe ps7_cortexa9_0 \
	       -log libgen.log \
	       system.mss
libgen
Xilinx EDK 14.7 Build EDK_P.20131013
Copyright (c) 1995-2012 Xilinx, Inc.  All rights reserved.

Command Line: libgen -hw ../hw_platform_0/system.xml -lp
/home/vladimir/Z/zedboard -pe ps7_cortexa9_0 -log libgen.log system.mss 


Staging source files.
Running DRCs.
Running generate.
Running post_generate.
Running include - 'gmake -s include "COMPILER=arm-xilinx-eabi-gcc"
"ARCHIVER=arm-xilinx-eabi-ar" "COMPILER_FLAGS= -O2 -c"
"EXTRA_COMPILER_FLAGS=-g"'.

Running libs - 'gmake -s libs "COMPILER=arm-xilinx-eabi-gcc"
"ARCHIVER=arm-xilinx-eabi-ar" "COMPILER_FLAGS= -O2 -c"
"EXTRA_COMPILER_FLAGS=-g"'.
Compiling common
arm-xilinx-eabi-ar: creating ../../../lib/libxil.a
Compiling standalone
Compiling axidma
Compiling devcfg
Compiling dmaps
Compiling emacps
Compiling gpiops
Compiling qspips
Compiling scugic
Compiling scutimer
Compiling scuwdt
Compiling ttcps
Compiling uartps
Compiling usbps
Compiling xadcps
Compiling cpu_cortexa9
Running execs_generate.
Finished building libraries
16:17:24 **** Clean-only build of configuration Release for project fsbl ****
make clean 
rm -rf  ./src/ddr_init.o ./src/ff.o ./src/fsbl_handoff.o ./src/fsbl_hooks.o ./src/image_mover.o ./src/main.o ./src/md5.o ./src/mmc.o ./src/nand.o ./src/nor.o ./src/pcap.o ./src/ps7_init.o ./src/qspi.o ./src/rsa.o ./src/sd.o  ./src/ddr_init.d ./src/ff.d ./src/fsbl_hooks.d ./src/image_mover.d ./src/main.d ./src/md5.d ./src/mmc.d ./src/nand.d ./src/nor.d ./src/pcap.d ./src/ps7_init.d ./src/qspi.d ./src/rsa.d ./src/sd.d  fsbl.elf.size  ./src/fsbl_handoff.d  fsbl.elf
 
16:17:24 **** Auto Build of configuration Release for project fsbl ****
make all 
Building file: ../src/ddr_init.c
Invoking: ARM gcc compiler
arm-xilinx-eabi-gcc -Wall -O2 -c -fmessage-length=0 -I../../fsbl_bsp/ps7_cortexa9_0/include -MMD -MP -MF"src/ddr_init.d" -MT"src/ddr_init.d" -o "src/ddr_init.o" "../src/ddr_init.c"
Finished building: ../src/ddr_init.c
 
Building file: ../src/ff.c
Invoking: ARM gcc compiler
arm-xilinx-eabi-gcc -Wall -O2 -c -fmessage-length=0 -I../../fsbl_bsp/ps7_cortexa9_0/include -MMD -MP -MF"src/ff.d" -MT"src/ff.d" -o "src/ff.o" "../src/ff.c"
Finished building: ../src/ff.c
 
Building file: ../src/fsbl_handoff.S
Invoking: ARM gcc compiler
arm-xilinx-eabi-gcc -Wall -O2 -c -fmessage-length=0 -I../../fsbl_bsp/ps7_cortexa9_0/include -MMD -MP -MF"src/fsbl_handoff.d" -MT"src/fsbl_handoff.d" -o "src/fsbl_handoff.o" "../src/fsbl_handoff.S"
Finished building: ../src/fsbl_handoff.S
 
Building file: ../src/fsbl_hooks.c
Invoking: ARM gcc compiler
arm-xilinx-eabi-gcc -Wall -O2 -c -fmessage-length=0 -I../../fsbl_bsp/ps7_cortexa9_0/include -MMD -MP -MF"src/fsbl_hooks.d" -MT"src/fsbl_hooks.d" -o "src/fsbl_hooks.o" "../src/fsbl_hooks.c"
Finished building: ../src/fsbl_hooks.c
 
Building file: ../src/image_mover.c
Invoking: ARM gcc compiler
arm-xilinx-eabi-gcc -Wall -O2 -c -fmessage-length=0 -I../../fsbl_bsp/ps7_cortexa9_0/include -MMD -MP -MF"src/image_mover.d" -MT"src/image_mover.d" -o "src/image_mover.o" "../src/image_mover.c"
Finished building: ../src/image_mover.c
 
Building file: ../src/main.c
Invoking: ARM gcc compiler
arm-xilinx-eabi-gcc -Wall -O2 -c -fmessage-length=0 -I../../fsbl_bsp/ps7_cortexa9_0/include -MMD -MP -MF"src/main.d" -MT"src/main.d" -o "src/main.o" "../src/main.c"
Finished building: ../src/main.c
 
Building file: ../src/md5.c
Invoking: ARM gcc compiler
arm-xilinx-eabi-gcc -Wall -O2 -c -fmessage-length=0 -I../../fsbl_bsp/ps7_cortexa9_0/include -MMD -MP -MF"src/md5.d" -MT"src/md5.d" -o "src/md5.o" "../src/md5.c"
../src/md5.c: In function 'MD5Final':
../src/md5.c:445:2: warning: dereferencing type-punned pointer will break strict-aliasing rules [-Wstrict-aliasing]
../src/md5.c:446:2: warning: dereferencing type-punned pointer will break strict-aliasing rules [-Wstrict-aliasing]
Finished building: ../src/md5.c
 
Building file: ../src/mmc.c
Invoking: ARM gcc compiler
arm-xilinx-eabi-gcc -Wall -O2 -c -fmessage-length=0 -I../../fsbl_bsp/ps7_cortexa9_0/include -MMD -MP -MF"src/mmc.d" -MT"src/mmc.d" -o "src/mmc.o" "../src/mmc.c"
Finished building: ../src/mmc.c
 
Building file: ../src/nand.c
Invoking: ARM gcc compiler
arm-xilinx-eabi-gcc -Wall -O2 -c -fmessage-length=0 -I../../fsbl_bsp/ps7_cortexa9_0/include -MMD -MP -MF"src/nand.d" -MT"src/nand.d" -o "src/nand.o" "../src/nand.c"
Finished building: ../src/nand.c
 
Building file: ../src/nor.c
Invoking: ARM gcc compiler
arm-xilinx-eabi-gcc -Wall -O2 -c -fmessage-length=0 -I../../fsbl_bsp/ps7_cortexa9_0/include -MMD -MP -MF"src/nor.d" -MT"src/nor.d" -o "src/nor.o" "../src/nor.c"
Finished building: ../src/nor.c
 
Building file: ../src/pcap.c
Invoking: ARM gcc compiler
arm-xilinx-eabi-gcc -Wall -O2 -c -fmessage-length=0 -I../../fsbl_bsp/ps7_cortexa9_0/include -MMD -MP -MF"src/pcap.d" -MT"src/pcap.d" -o "src/pcap.o" "../src/pcap.c"
Finished building: ../src/pcap.c
 
Building file: ../src/ps7_init.c
Invoking: ARM gcc compiler
arm-xilinx-eabi-gcc -Wall -O2 -c -fmessage-length=0 -I../../fsbl_bsp/ps7_cortexa9_0/include -MMD -MP -MF"src/ps7_init.d" -MT"src/ps7_init.d" -o "src/ps7_init.o" "../src/ps7_init.c"
Finished building: ../src/ps7_init.c
 
Building file: ../src/qspi.c
Invoking: ARM gcc compiler
arm-xilinx-eabi-gcc -Wall -O2 -c -fmessage-length=0 -I../../fsbl_bsp/ps7_cortexa9_0/include -MMD -MP -MF"src/qspi.d" -MT"src/qspi.d" -o "src/qspi.o" "../src/qspi.c"
Finished building: ../src/qspi.c
 
Building file: ../src/rsa.c
Invoking: ARM gcc compiler
arm-xilinx-eabi-gcc -Wall -O2 -c -fmessage-length=0 -I../../fsbl_bsp/ps7_cortexa9_0/include -MMD -MP -MF"src/rsa.d" -MT"src/rsa.d" -o "src/rsa.o" "../src/rsa.c"
Finished building: ../src/rsa.c
 
Building file: ../src/sd.c
Invoking: ARM gcc compiler
arm-xilinx-eabi-gcc -Wall -O2 -c -fmessage-length=0 -I../../fsbl_bsp/ps7_cortexa9_0/include -MMD -MP -MF"src/sd.d" -MT"src/sd.d" -o "src/sd.o" "../src/sd.c"
Finished building: ../src/sd.c
 
Building target: fsbl.elf
Invoking: ARM gcc linker
arm-xilinx-eabi-gcc -L"/home/vladimir/stas/final_dma/fsbl/src" -Wl,-T -Wl,../src/lscript.ld -L../../fsbl_bsp/ps7_cortexa9_0/lib -o "fsbl.elf"  ./src/ddr_init.o ./src/ff.o ./src/fsbl_handoff.o ./src/fsbl_hooks.o ./src/image_mover.o ./src/main.o ./src/md5.o ./src/mmc.o ./src/nand.o ./src/nor.o ./src/pcap.o ./src/ps7_init.o ./src/qspi.o ./src/rsa.o ./src/sd.o   -lrsa -Wl,--start-group,-lxil,-lgcc,-lc,--end-group
Finished building target: fsbl.elf
 
Invoking: ARM Print Size
arm-xilinx-eabi-size fsbl.elf  |tee "fsbl.elf.size"
   text	   data	    bss	    dec	    hex	filename
  57064	  11352	  72500	 140916	  22674	fsbl.elf
Finished building: fsbl.elf.size
 
16:17:26 **** Auto Build of configuration Release for project fsbl ****
make all 
Building file: ../src/ps7_init.c
Invoking: ARM gcc compiler
arm-xilinx-eabi-gcc -Wall -O2 -c -fmessage-length=0 -I../../fsbl_bsp/ps7_cortexa9_0/include -MMD -MP -MF"src/ps7_init.d" -MT"src/ps7_init.d" -o "src/ps7_init.o" "../src/ps7_init.c"
Finished building: ../src/ps7_init.c
 
Building target: fsbl.elf
Invoking: ARM gcc linker
arm-xilinx-eabi-gcc -L"/home/vladimir/stas/final_dma/fsbl/src" -Wl,-T -Wl,../src/lscript.ld -L../../fsbl_bsp/ps7_cortexa9_0/lib -o "fsbl.elf"  ./src/ddr_init.o ./src/ff.o ./src/fsbl_handoff.o ./src/fsbl_hooks.o ./src/image_mover.o ./src/main.o ./src/md5.o ./src/mmc.o ./src/nand.o ./src/nor.o ./src/pcap.o ./src/ps7_init.o ./src/qspi.o ./src/rsa.o ./src/sd.o   -lrsa -Wl,--start-group,-lxil,-lgcc,-lc,--end-group
Finished building target: fsbl.elf
 
Invoking: ARM Print Size
arm-xilinx-eabi-size fsbl.elf  |tee "fsbl.elf.size"
   text	   data	    bss	    dec	    hex	filename
  57064	  11352	  72500	 140916	  22674	fsbl.elf
Finished building: fsbl.elf.size
 
16:17:26 **** Auto Build of project device-tree_bsp_0 ****
make -k all 
libgen -hw ../hw_platform_0/system.xml\
	       -lp /home/vladimir/Z/zedboard\
	       -pe ps7_cortexa9_0 \
	       -log libgen.log \
	       system.mss
libgen
Xilinx EDK 14.7 Build EDK_P.20131013
Copyright (c) 1995-2012 Xilinx, Inc.  All rights reserved.

Command Line: libgen -hw ../hw_platform_0/system.xml -lp
/home/vladimir/Z/zedboard -pe ps7_cortexa9_0 -log libgen.log system.mss 


Staging source files.
Running DRCs.
#--------------------------------------
# device-tree BSP DRC...
#--------------------------------------
Running generate.
#--------------------------------------
# device-tree BSP generate...
#--------------------------------------
--- device tree generator version: v1.1 ---
generating xilinx.dts
Clock Port Summary:
axi_dma_0.s_axi_lite_aclk connected to processing_system7_0_FCLK_CLK0:
    CLK_FREQ_HZ = 100000000
axi_dma_0.m_axi_s2mm_aclk connected to processing_system7_0_FCLK_CLK0:
    CLK_FREQ_HZ = 100000000
axi_mem_intercon_m00_couplers_auto_pc.aclk connected to
processing_system7_0_FCLK_CLK0:
    CLK_FREQ_HZ = 100000000
axi_mem_intercon_s00_couplers_auto_us.s_axi_aclk connected to
processing_system7_0_FCLK_CLK0:
    CLK_FREQ_HZ = 100000000
axi_mem_intercon_xbar.aclk connected to processing_system7_0_FCLK_CLK0:
    CLK_FREQ_HZ = 100000000
axis_data_fifo_0.s_axis_aclk connected to processing_system7_0_FCLK_CLK0:
    CLK_FREQ_HZ = 100000000
def_stream_0.m00_axis_aclk connected to processing_system7_0_FCLK_CLK0:
    CLK_FREQ_HZ = 100000000
init_dma_1.s01_axi_aclk connected to processing_system7_0_FCLK_CLK0:
    CLK_FREQ_HZ = 100000000
init_dma_1.m00_axi_aclk connected to processing_system7_0_FCLK_CLK0:
    CLK_FREQ_HZ = 100000000
init_dma_1.s00_axi_aclk connected to processing_system7_0_FCLK_CLK0:
    CLK_FREQ_HZ = 100000000
proc_sys_reset.slowest_sync_clk connected to processing_system7_0_FCLK_CLK0:
    CLK_FREQ_HZ = 100000000
processing_system7_0_axi_periph_m00_couplers_auto_ds.s_axi_aclk connected to
processing_system7_0_FCLK_CLK0:
    CLK_FREQ_HZ = 100000000
processing_system7_0_axi_periph_m00_couplers_auto_pc.aclk connected to
processing_system7_0_FCLK_CLK0:
    CLK_FREQ_HZ = 100000000
processing_system7_0_axi_periph_m01_couplers_auto_ds.s_axi_aclk connected to
processing_system7_0_FCLK_CLK0:
    CLK_FREQ_HZ = 100000000
processing_system7_0_axi_periph_m01_couplers_auto_pc.aclk connected to
processing_system7_0_FCLK_CLK0:
    CLK_FREQ_HZ = 100000000
processing_system7_0_axi_periph_m03_couplers_auto_ds.s_axi_aclk connected to
processing_system7_0_FCLK_CLK0:
    CLK_FREQ_HZ = 100000000
processing_system7_0_axi_periph_m03_couplers_auto_pc.aclk connected to
processing_system7_0_FCLK_CLK0:
    CLK_FREQ_HZ = 100000000
processing_system7_0_axi_periph_s00_couplers_auto_pc.aclk connected to
processing_system7_0_FCLK_CLK0:
    CLK_FREQ_HZ = 100000000
processing_system7_0_axi_periph_s00_couplers_auto_us.s_axi_aclk connected to
processing_system7_0_FCLK_CLK0:
    CLK_FREQ_HZ = 100000000
processing_system7_0_axi_periph_s01_couplers_auto_pc.aclk connected to
processing_system7_0_FCLK_CLK0:
    CLK_FREQ_HZ = 100000000
processing_system7_0_axi_periph_s01_couplers_auto_us.s_axi_aclk connected to
processing_system7_0_FCLK_CLK0:
    CLK_FREQ_HZ = 100000000
processing_system7_0_axi_periph_xbar.aclk connected to
processing_system7_0_FCLK_CLK0:
    CLK_FREQ_HZ = 100000000
ps7_uart_1.S_AXI_ACLK connected to ps7_axi_interconnect_0_M_AXI_ACLK:
    CLK_FREQ_HZ = WARNING: no frequency found!
ps7_qspi_0.S_AXI_ACLK connected to ps7_axi_interconnect_0_M_AXI_ACLK:
    CLK_FREQ_HZ = WARNING: no frequency found!
ps7_qspi_linear_0.S_AXI_ACLK connected to ps7_axi_interconnect_0_M_AXI_ACLK:
    CLK_FREQ_HZ = WARNING: no frequency found!
ps7_axi_interconnect_0.M_AXI_ACLK connected to
ps7_axi_interconnect_0_M_AXI_ACLK:
    CLK_FREQ_HZ = WARNING: no frequency found!
ps7_cortexa9_0.M_AXI_DP_ACLK connected to
ps7_axi_interconnect_0_S_AXI_CTRL_ACLK:
    CLK_FREQ_HZ = WARNING: no frequency found!
ps7_cortexa9_1.M_AXI_DP_ACLK connected to
ps7_axi_interconnect_0_S_AXI_CTRL_ACLK:
    CLK_FREQ_HZ = WARNING: no frequency found!
ps7_ddr_0.S_AXI_ACLK connected to ps7_axi_interconnect_0_M_AXI_ACLK:
    CLK_FREQ_HZ = WARNING: no frequency found!
ps7_ethernet_0.S_AXI_ACLK connected to ps7_axi_interconnect_0_M_AXI_ACLK:
    CLK_FREQ_HZ = WARNING: no frequency found!
ps7_usb_0.S_AXI_ACLK connected to ps7_axi_interconnect_0_M_AXI_ACLK:
    CLK_FREQ_HZ = WARNING: no frequency found!
ps7_sd_0.S_AXI_ACLK connected to ps7_axi_interconnect_0_M_AXI_ACLK:
    CLK_FREQ_HZ = WARNING: no frequency found!
ps7_ttc_0.S_AXI_ACLK connected to ps7_axi_interconnect_0_M_AXI_ACLK:
    CLK_FREQ_HZ = WARNING: no frequency found!
ps7_gpio_0.S_AXI_ACLK connected to ps7_axi_interconnect_0_M_AXI_ACLK:
    CLK_FREQ_HZ = WARNING: no frequency found!
ps7_ddrc_0.S_AXI_ACLK connected to ps7_axi_interconnect_0_M_AXI_ACLK:
    CLK_FREQ_HZ = WARNING: no frequency found!
ps7_dev_cfg_0.S_AXI_ACLK connected to ps7_axi_interconnect_0_M_AXI_ACLK:
    CLK_FREQ_HZ = WARNING: no frequency found!
ps7_xadc_0.S_AXI_ACLK connected to ps7_axi_interconnect_0_M_AXI_ACLK:
    CLK_FREQ_HZ = WARNING: no frequency found!
ps7_ocmc_0.S_AXI_ACLK connected to ps7_axi_interconnect_0_M_AXI_ACLK:
    CLK_FREQ_HZ = WARNING: no frequency found!
ps7_coresight_comp_0.S_AXI_ACLK connected to ps7_axi_interconnect_0_M_AXI_ACLK:
    CLK_FREQ_HZ = WARNING: no frequency found!
ps7_gpv_0.S_AXI_ACLK connected to ps7_axi_interconnect_0_M_AXI_ACLK:
    CLK_FREQ_HZ = WARNING: no frequency found!
ps7_scuc_0.S_AXI_ACLK connected to ps7_axi_interconnect_0_M_AXI_ACLK:
    CLK_FREQ_HZ = WARNING: no frequency found!
ps7_globaltimer_0.S_AXI_ACLK connected to ps7_axi_interconnect_0_M_AXI_ACLK:
    CLK_FREQ_HZ = WARNING: no frequency found!
ps7_intc_dist_0.S_AXI_ACLK connected to ps7_axi_interconnect_0_M_AXI_ACLK:
    CLK_FREQ_HZ = WARNING: no frequency found!
ps7_l2cachec_0.S_AXI_ACLK connected to ps7_axi_interconnect_0_M_AXI_ACLK:
    CLK_FREQ_HZ = WARNING: no frequency found!
ps7_dma_s.S_AXI_ACLK connected to ps7_axi_interconnect_0_M_AXI_ACLK:
    CLK_FREQ_HZ = WARNING: no frequency found!
ps7_iop_bus_config_0.S_AXI_ACLK connected to ps7_axi_interconnect_0_M_AXI_ACLK:
    CLK_FREQ_HZ = WARNING: no frequency found!
ps7_ram_0.S_AXI_ACLK connected to ps7_axi_interconnect_0_M_AXI_ACLK:
    CLK_FREQ_HZ = WARNING: no frequency found!
ps7_ram_1.S_AXI_ACLK connected to ps7_axi_interconnect_0_M_AXI_ACLK:
    CLK_FREQ_HZ = WARNING: no frequency found!
ps7_scugic_0.S_AXI_ACLK connected to ps7_axi_interconnect_0_M_AXI_ACLK:
    CLK_FREQ_HZ = WARNING: no frequency found!
ps7_scutimer_0.S_AXI_ACLK connected to ps7_axi_interconnect_0_M_AXI_ACLK:
    CLK_FREQ_HZ = WARNING: no frequency found!
ps7_scuwdt_0.S_AXI_ACLK connected to ps7_axi_interconnect_0_M_AXI_ACLK:
    CLK_FREQ_HZ = WARNING: no frequency found!
ps7_slcr_0.S_AXI_ACLK connected to ps7_axi_interconnect_0_M_AXI_ACLK:
    CLK_FREQ_HZ = WARNING: no frequency found!
ps7_dma_ns.S_AXI_ACLK connected to ps7_axi_interconnect_0_M_AXI_ACLK:
    CLK_FREQ_HZ = WARNING: no frequency found!
ps7_afi_0.S_AXI_ACLK connected to ps7_axi_interconnect_0_M_AXI_ACLK:
    CLK_FREQ_HZ = WARNING: no frequency found!
ps7_afi_1.S_AXI_ACLK connected to ps7_axi_interconnect_0_M_AXI_ACLK:
    CLK_FREQ_HZ = WARNING: no frequency found!
ps7_afi_2.S_AXI_ACLK connected to ps7_axi_interconnect_0_M_AXI_ACLK:
    CLK_FREQ_HZ = WARNING: no frequency found!
ps7_afi_3.S_AXI_ACLK connected to ps7_axi_interconnect_0_M_AXI_ACLK:
    CLK_FREQ_HZ = WARNING: no frequency found!
IP connected to bus: ps7_axi_interconnect_0
-master M_AXI_DP ps7_axi_interconnect_0 ps7_cortexa9_0
-master M_AXI_DP ps7_axi_interconnect_0 ps7_cortexa9_1
-slave S_AXI ps7_axi_interconnect_0 ps7_uart_1
-slave S_AXI ps7_axi_interconnect_0 ps7_qspi_0
-slave S_AXI ps7_axi_interconnect_0 ps7_qspi_linear_0
-slave S_AXI ps7_axi_interconnect_0 ps7_ethernet_0
-slave S_AXI ps7_axi_interconnect_0 ps7_usb_0
-slave S_AXI ps7_axi_interconnect_0 ps7_sd_0
-slave S_AXI ps7_axi_interconnect_0 ps7_ttc_0
-slave S_AXI ps7_axi_interconnect_0 ps7_gpio_0
-slave S_AXI ps7_axi_interconnect_0 ps7_ddrc_0
-slave S_AXI ps7_axi_interconnect_0 ps7_dev_cfg_0
-slave S_AXI ps7_axi_interconnect_0 ps7_xadc_0
-slave S_AXI ps7_axi_interconnect_0 ps7_ocmc_0
-slave S_AXI ps7_axi_interconnect_0 ps7_coresight_comp_0
-slave S_AXI ps7_axi_interconnect_0 ps7_gpv_0
-slave S_AXI ps7_axi_interconnect_0 ps7_scuc_0
-slave S_AXI ps7_axi_interconnect_0 ps7_globaltimer_0
-slave S_AXI ps7_axi_interconnect_0 ps7_intc_dist_0
-slave S_AXI ps7_axi_interconnect_0 ps7_l2cachec_0
-slave S_AXI ps7_axi_interconnect_0 ps7_dma_s
-slave S_AXI ps7_axi_interconnect_0 ps7_iop_bus_config_0
-slave S_AXI ps7_axi_interconnect_0 ps7_ram_1
-slave S_AXI ps7_axi_interconnect_0 ps7_scugic_0
-slave S_AXI ps7_axi_interconnect_0 ps7_scutimer_0
-slave S_AXI ps7_axi_interconnect_0 ps7_scuwdt_0
-slave S_AXI ps7_axi_interconnect_0 ps7_slcr_0
-slave S_AXI ps7_axi_interconnect_0 ps7_dma_ns
-slave S_AXI ps7_axi_interconnect_0 ps7_afi_0
-slave S_AXI ps7_axi_interconnect_0 ps7_afi_1
-slave S_AXI ps7_axi_interconnect_0 ps7_afi_2
-slave S_AXI ps7_axi_interconnect_0 ps7_afi_3
-slave axi_dma_0
-slave init_dma_1
-slave ps7_afi_0
IP 64506880 ps7_afi_0 is already appended - skip it
-slave ps7_afi_1
IP 64507280 ps7_afi_1 is already appended - skip it
-slave ps7_afi_2
IP 64507680 ps7_afi_2 is already appended - skip it
-slave ps7_afi_3
IP 64508080 ps7_afi_3 is already appended - skip it
-slave ps7_coresight_comp_0
IP 64337840 ps7_coresight_comp_0 is already appended - skip it
-slave ps7_ddr_0
-slave ps7_ddrc_0
IP 64336240 ps7_ddrc_0 is already appended - skip it
-slave ps7_dev_cfg_0
IP 64336640 ps7_dev_cfg_0 is already appended - skip it
-slave ps7_dma_ns
-slave ps7_dma_s
IP 64503280 ps7_dma_s is already appended - skip it
-slave ps7_ethernet_0
IP 64334240 ps7_ethernet_0 is already appended - skip it
-slave ps7_globaltimer_0
IP 64502080 ps7_globaltimer_0 is already appended - skip it
-slave ps7_gpio_0
IP 64335840 ps7_gpio_0 is already appended - skip it
-slave ps7_gpv_0
IP 64338240 ps7_gpv_0 is already appended - skip it
-slave ps7_intc_dist_0
IP 64502480 ps7_intc_dist_0 is already appended - skip it
-slave ps7_iop_bus_config_0
IP 64503680 ps7_iop_bus_config_0 is already appended - skip it
-slave ps7_l2cachec_0
IP 64502880 ps7_l2cachec_0 is already appended - skip it
-slave ps7_ocmc_0
IP 64337440 ps7_ocmc_0 is already appended - skip it
-slave ps7_qspi_0
IP 64332240 ps7_qspi_0 is already appended - skip it
-slave ps7_qspi_linear_0
IP 64332640 ps7_qspi_linear_0 is already appended - skip it
-slave ps7_ram_0
-slave ps7_ram_1
IP 64504480 ps7_ram_1 is already appended - skip it
-slave ps7_scuc_0
IP 64501680 ps7_scuc_0 is already appended - skip it
-slave ps7_scugic_0
IP 64504880 ps7_scugic_0 is already appended - skip it
-slave ps7_scutimer_0
IP 64505280 ps7_scutimer_0 is already appended - skip it
-slave ps7_scuwdt_0
IP 64505680 ps7_scuwdt_0 is already appended - skip it
-slave ps7_sd_0
IP 64335040 ps7_sd_0 is already appended - skip it
-slave ps7_slcr_0
IP 64506080 ps7_slcr_0 is already appended - skip it
-slave ps7_ttc_0
IP 64335440 ps7_ttc_0 is already appended - skip it
-slave ps7_uart_1
IP 64331840 ps7_uart_1 is already appended - skip it
-slave ps7_usb_0
IP 64334640 ps7_usb_0 is already appended - skip it
-slave ps7_xadc_0
IP 64337040 ps7_xadc_0 is already appended - skip it
ps7_ocmc_0
ps7_coresight_comp_0
ps7_gpv_0
ps7_scuc_0
ps7_globaltimer_0
ps7_intc_dist_0
ps7_l2cachec_0
ps7_afi_0
ps7_afi_1
ps7_afi_2
ps7_afi_3
START DMA
1
2
init_dma_1
{serial1 aliasref ps7_uart_1 1} {spi0 aliasref ps7_qspi_0 0} {ethernet0 aliasref
ps7_ethernet_0 0}
WARNING:EDK - : no console ip was specified.  This may prevent output from
   appearing on the boot console.

Running post_generate.
Running execs_generate.
Finished building libraries
14:23:34 **** Auto Build of project fsbl_bsp ****
make -k all 
libgen -hw ../hw_platform_0/system.xml\
	       -lp /home/vladimir/Z/zedboard\
	       -pe ps7_cortexa9_0 \
	       -log libgen.log \
	       system.mss
libgen
Xilinx EDK 14.7 Build EDK_P.20131013
Copyright (c) 1995-2012 Xilinx, Inc.  All rights reserved.

Command Line: libgen -hw ../hw_platform_0/system.xml -lp
/home/vladimir/Z/zedboard -pe ps7_cortexa9_0 -log libgen.log system.mss 


Staging source files.
Running DRCs.
Running generate.
Running post_generate.
Running include - 'gmake -s include "COMPILER=arm-xilinx-eabi-gcc"
"ARCHIVER=arm-xilinx-eabi-ar" "COMPILER_FLAGS= -O2 -c"
"EXTRA_COMPILER_FLAGS=-g"'.

Running libs - 'gmake -s libs "COMPILER=arm-xilinx-eabi-gcc"
"ARCHIVER=arm-xilinx-eabi-ar" "COMPILER_FLAGS= -O2 -c"
"EXTRA_COMPILER_FLAGS=-g"'.
Compiling common
arm-xilinx-eabi-ar: creating ../../../lib/libxil.a
Compiling standalone
Compiling axidma
Compiling devcfg
Compiling dmaps
Compiling emacps
Compiling gpiops
Compiling qspips
Compiling scugic
Compiling scutimer
Compiling scuwdt
Compiling ttcps
Compiling uartps
Compiling usbps
Compiling xadcps
Compiling cpu_cortexa9
Running execs_generate.
Finished building libraries
14:23:51 **** Auto Build of configuration Release for project fsbl ****
make all 
make: Цель `all' не требует выполнения команд.
14:23:52 **** Auto Build of project device-tree_bsp_0 ****
make -k all 
libgen -hw ../hw_platform_0/system.xml\
	       -lp /home/vladimir/Z/zedboard\
	       -pe ps7_cortexa9_0 \
	       -log libgen.log \
	       system.mss
libgen
Xilinx EDK 14.7 Build EDK_P.20131013
Copyright (c) 1995-2012 Xilinx, Inc.  All rights reserved.

Command Line: libgen -hw ../hw_platform_0/system.xml -lp
/home/vladimir/Z/zedboard -pe ps7_cortexa9_0 -log libgen.log system.mss 


Staging source files.
Running DRCs.
#--------------------------------------
# device-tree BSP DRC...
#--------------------------------------
Running generate.
#--------------------------------------
# device-tree BSP generate...
#--------------------------------------
--- device tree generator version: v1.1 ---
generating xilinx.dts
Clock Port Summary:
axi_dma_0.s_axi_lite_aclk connected to processing_system7_0_FCLK_CLK0:
    CLK_FREQ_HZ = 100000000
axi_dma_0.m_axi_s2mm_aclk connected to processing_system7_0_FCLK_CLK0:
    CLK_FREQ_HZ = 100000000
axi_mem_intercon_m00_couplers_auto_pc.aclk connected to
processing_system7_0_FCLK_CLK0:
    CLK_FREQ_HZ = 100000000
axi_mem_intercon_s00_couplers_auto_us.s_axi_aclk connected to
processing_system7_0_FCLK_CLK0:
    CLK_FREQ_HZ = 100000000
axi_mem_intercon_xbar.aclk connected to processing_system7_0_FCLK_CLK0:
    CLK_FREQ_HZ = 100000000
axis_data_fifo_0.s_axis_aclk connected to processing_system7_0_FCLK_CLK0:
    CLK_FREQ_HZ = 100000000
def_stream_0.m00_axis_aclk connected to processing_system7_0_FCLK_CLK0:
    CLK_FREQ_HZ = 100000000
init_dma_1.s01_axi_aclk connected to processing_system7_0_FCLK_CLK0:
    CLK_FREQ_HZ = 100000000
init_dma_1.m00_axi_aclk connected to processing_system7_0_FCLK_CLK0:
    CLK_FREQ_HZ = 100000000
init_dma_1.s00_axi_aclk connected to processing_system7_0_FCLK_CLK0:
    CLK_FREQ_HZ = 100000000
proc_sys_reset.slowest_sync_clk connected to processing_system7_0_FCLK_CLK0:
    CLK_FREQ_HZ = 100000000
processing_system7_0_axi_periph_m00_couplers_auto_ds.s_axi_aclk connected to
processing_system7_0_FCLK_CLK0:
    CLK_FREQ_HZ = 100000000
processing_system7_0_axi_periph_m00_couplers_auto_pc.aclk connected to
processing_system7_0_FCLK_CLK0:
    CLK_FREQ_HZ = 100000000
processing_system7_0_axi_periph_m01_couplers_auto_ds.s_axi_aclk connected to
processing_system7_0_FCLK_CLK0:
    CLK_FREQ_HZ = 100000000
processing_system7_0_axi_periph_m01_couplers_auto_pc.aclk connected to
processing_system7_0_FCLK_CLK0:
    CLK_FREQ_HZ = 100000000
processing_system7_0_axi_periph_m03_couplers_auto_ds.s_axi_aclk connected to
processing_system7_0_FCLK_CLK0:
    CLK_FREQ_HZ = 100000000
processing_system7_0_axi_periph_m03_couplers_auto_pc.aclk connected to
processing_system7_0_FCLK_CLK0:
    CLK_FREQ_HZ = 100000000
processing_system7_0_axi_periph_s00_couplers_auto_pc.aclk connected to
processing_system7_0_FCLK_CLK0:
    CLK_FREQ_HZ = 100000000
processing_system7_0_axi_periph_s00_couplers_auto_us.s_axi_aclk connected to
processing_system7_0_FCLK_CLK0:
    CLK_FREQ_HZ = 100000000
processing_system7_0_axi_periph_s01_couplers_auto_pc.aclk connected to
processing_system7_0_FCLK_CLK0:
    CLK_FREQ_HZ = 100000000
processing_system7_0_axi_periph_s01_couplers_auto_us.s_axi_aclk connected to
processing_system7_0_FCLK_CLK0:
    CLK_FREQ_HZ = 100000000
processing_system7_0_axi_periph_xbar.aclk connected to
processing_system7_0_FCLK_CLK0:
    CLK_FREQ_HZ = 100000000
ps7_uart_1.S_AXI_ACLK connected to ps7_axi_interconnect_0_M_AXI_ACLK:
    CLK_FREQ_HZ = WARNING: no frequency found!
ps7_qspi_0.S_AXI_ACLK connected to ps7_axi_interconnect_0_M_AXI_ACLK:
    CLK_FREQ_HZ = WARNING: no frequency found!
ps7_qspi_linear_0.S_AXI_ACLK connected to ps7_axi_interconnect_0_M_AXI_ACLK:
    CLK_FREQ_HZ = WARNING: no frequency found!
ps7_axi_interconnect_0.M_AXI_ACLK connected to
ps7_axi_interconnect_0_M_AXI_ACLK:
    CLK_FREQ_HZ = WARNING: no frequency found!
ps7_cortexa9_0.M_AXI_DP_ACLK connected to
ps7_axi_interconnect_0_S_AXI_CTRL_ACLK:
    CLK_FREQ_HZ = WARNING: no frequency found!
ps7_cortexa9_1.M_AXI_DP_ACLK connected to
ps7_axi_interconnect_0_S_AXI_CTRL_ACLK:
    CLK_FREQ_HZ = WARNING: no frequency found!
ps7_ddr_0.S_AXI_ACLK connected to ps7_axi_interconnect_0_M_AXI_ACLK:
    CLK_FREQ_HZ = WARNING: no frequency found!
ps7_ethernet_0.S_AXI_ACLK connected to ps7_axi_interconnect_0_M_AXI_ACLK:
    CLK_FREQ_HZ = WARNING: no frequency found!
ps7_usb_0.S_AXI_ACLK connected to ps7_axi_interconnect_0_M_AXI_ACLK:
    CLK_FREQ_HZ = WARNING: no frequency found!
ps7_sd_0.S_AXI_ACLK connected to ps7_axi_interconnect_0_M_AXI_ACLK:
    CLK_FREQ_HZ = WARNING: no frequency found!
ps7_ttc_0.S_AXI_ACLK connected to ps7_axi_interconnect_0_M_AXI_ACLK:
    CLK_FREQ_HZ = WARNING: no frequency found!
ps7_gpio_0.S_AXI_ACLK connected to ps7_axi_interconnect_0_M_AXI_ACLK:
    CLK_FREQ_HZ = WARNING: no frequency found!
ps7_ddrc_0.S_AXI_ACLK connected to ps7_axi_interconnect_0_M_AXI_ACLK:
    CLK_FREQ_HZ = WARNING: no frequency found!
ps7_dev_cfg_0.S_AXI_ACLK connected to ps7_axi_interconnect_0_M_AXI_ACLK:
    CLK_FREQ_HZ = WARNING: no frequency found!
ps7_xadc_0.S_AXI_ACLK connected to ps7_axi_interconnect_0_M_AXI_ACLK:
    CLK_FREQ_HZ = WARNING: no frequency found!
ps7_ocmc_0.S_AXI_ACLK connected to ps7_axi_interconnect_0_M_AXI_ACLK:
    CLK_FREQ_HZ = WARNING: no frequency found!
ps7_coresight_comp_0.S_AXI_ACLK connected to ps7_axi_interconnect_0_M_AXI_ACLK:
    CLK_FREQ_HZ = WARNING: no frequency found!
ps7_gpv_0.S_AXI_ACLK connected to ps7_axi_interconnect_0_M_AXI_ACLK:
    CLK_FREQ_HZ = WARNING: no frequency found!
ps7_scuc_0.S_AXI_ACLK connected to ps7_axi_interconnect_0_M_AXI_ACLK:
    CLK_FREQ_HZ = WARNING: no frequency found!
ps7_globaltimer_0.S_AXI_ACLK connected to ps7_axi_interconnect_0_M_AXI_ACLK:
    CLK_FREQ_HZ = WARNING: no frequency found!
ps7_intc_dist_0.S_AXI_ACLK connected to ps7_axi_interconnect_0_M_AXI_ACLK:
    CLK_FREQ_HZ = WARNING: no frequency found!
ps7_l2cachec_0.S_AXI_ACLK connected to ps7_axi_interconnect_0_M_AXI_ACLK:
    CLK_FREQ_HZ = WARNING: no frequency found!
ps7_dma_s.S_AXI_ACLK connected to ps7_axi_interconnect_0_M_AXI_ACLK:
    CLK_FREQ_HZ = WARNING: no frequency found!
ps7_iop_bus_config_0.S_AXI_ACLK connected to ps7_axi_interconnect_0_M_AXI_ACLK:
    CLK_FREQ_HZ = WARNING: no frequency found!
ps7_ram_0.S_AXI_ACLK connected to ps7_axi_interconnect_0_M_AXI_ACLK:
    CLK_FREQ_HZ = WARNING: no frequency found!
ps7_ram_1.S_AXI_ACLK connected to ps7_axi_interconnect_0_M_AXI_ACLK:
    CLK_FREQ_HZ = WARNING: no frequency found!
ps7_scugic_0.S_AXI_ACLK connected to ps7_axi_interconnect_0_M_AXI_ACLK:
    CLK_FREQ_HZ = WARNING: no frequency found!
ps7_scutimer_0.S_AXI_ACLK connected to ps7_axi_interconnect_0_M_AXI_ACLK:
    CLK_FREQ_HZ = WARNING: no frequency found!
ps7_scuwdt_0.S_AXI_ACLK connected to ps7_axi_interconnect_0_M_AXI_ACLK:
    CLK_FREQ_HZ = WARNING: no frequency found!
ps7_slcr_0.S_AXI_ACLK connected to ps7_axi_interconnect_0_M_AXI_ACLK:
    CLK_FREQ_HZ = WARNING: no frequency found!
ps7_dma_ns.S_AXI_ACLK connected to ps7_axi_interconnect_0_M_AXI_ACLK:
    CLK_FREQ_HZ = WARNING: no frequency found!
ps7_afi_0.S_AXI_ACLK connected to ps7_axi_interconnect_0_M_AXI_ACLK:
    CLK_FREQ_HZ = WARNING: no frequency found!
ps7_afi_1.S_AXI_ACLK connected to ps7_axi_interconnect_0_M_AXI_ACLK:
    CLK_FREQ_HZ = WARNING: no frequency found!
ps7_afi_2.S_AXI_ACLK connected to ps7_axi_interconnect_0_M_AXI_ACLK:
    CLK_FREQ_HZ = WARNING: no frequency found!
ps7_afi_3.S_AXI_ACLK connected to ps7_axi_interconnect_0_M_AXI_ACLK:
    CLK_FREQ_HZ = WARNING: no frequency found!
IP connected to bus: ps7_axi_interconnect_0
-master M_AXI_DP ps7_axi_interconnect_0 ps7_cortexa9_0
-master M_AXI_DP ps7_axi_interconnect_0 ps7_cortexa9_1
-slave S_AXI ps7_axi_interconnect_0 ps7_uart_1
-slave S_AXI ps7_axi_interconnect_0 ps7_qspi_0
-slave S_AXI ps7_axi_interconnect_0 ps7_qspi_linear_0
-slave S_AXI ps7_axi_interconnect_0 ps7_ethernet_0
-slave S_AXI ps7_axi_interconnect_0 ps7_usb_0
-slave S_AXI ps7_axi_interconnect_0 ps7_sd_0
-slave S_AXI ps7_axi_interconnect_0 ps7_ttc_0
-slave S_AXI ps7_axi_interconnect_0 ps7_gpio_0
-slave S_AXI ps7_axi_interconnect_0 ps7_ddrc_0
-slave S_AXI ps7_axi_interconnect_0 ps7_dev_cfg_0
-slave S_AXI ps7_axi_interconnect_0 ps7_xadc_0
-slave S_AXI ps7_axi_interconnect_0 ps7_ocmc_0
-slave S_AXI ps7_axi_interconnect_0 ps7_coresight_comp_0
-slave S_AXI ps7_axi_interconnect_0 ps7_gpv_0
-slave S_AXI ps7_axi_interconnect_0 ps7_scuc_0
-slave S_AXI ps7_axi_interconnect_0 ps7_globaltimer_0
-slave S_AXI ps7_axi_interconnect_0 ps7_intc_dist_0
-slave S_AXI ps7_axi_interconnect_0 ps7_l2cachec_0
-slave S_AXI ps7_axi_interconnect_0 ps7_dma_s
-slave S_AXI ps7_axi_interconnect_0 ps7_iop_bus_config_0
-slave S_AXI ps7_axi_interconnect_0 ps7_ram_1
-slave S_AXI ps7_axi_interconnect_0 ps7_scugic_0
-slave S_AXI ps7_axi_interconnect_0 ps7_scutimer_0
-slave S_AXI ps7_axi_interconnect_0 ps7_scuwdt_0
-slave S_AXI ps7_axi_interconnect_0 ps7_slcr_0
-slave S_AXI ps7_axi_interconnect_0 ps7_dma_ns
-slave S_AXI ps7_axi_interconnect_0 ps7_afi_0
-slave S_AXI ps7_axi_interconnect_0 ps7_afi_1
-slave S_AXI ps7_axi_interconnect_0 ps7_afi_2
-slave S_AXI ps7_axi_interconnect_0 ps7_afi_3
-slave axi_dma_0
-slave init_dma_1
-slave ps7_afi_0
IP 65440784 ps7_afi_0 is already appended - skip it
-slave ps7_afi_1
IP 65441184 ps7_afi_1 is already appended - skip it
-slave ps7_afi_2
IP 65441584 ps7_afi_2 is already appended - skip it
-slave ps7_afi_3
IP 65441984 ps7_afi_3 is already appended - skip it
-slave ps7_coresight_comp_0
IP 65271744 ps7_coresight_comp_0 is already appended - skip it
-slave ps7_ddr_0
-slave ps7_ddrc_0
IP 65270144 ps7_ddrc_0 is already appended - skip it
-slave ps7_dev_cfg_0
IP 65270544 ps7_dev_cfg_0 is already appended - skip it
-slave ps7_dma_ns
-slave ps7_dma_s
IP 65437184 ps7_dma_s is already appended - skip it
-slave ps7_ethernet_0
IP 65268144 ps7_ethernet_0 is already appended - skip it
-slave ps7_globaltimer_0
IP 65435984 ps7_globaltimer_0 is already appended - skip it
-slave ps7_gpio_0
IP 65269744 ps7_gpio_0 is already appended - skip it
-slave ps7_gpv_0
IP 65272144 ps7_gpv_0 is already appended - skip it
-slave ps7_intc_dist_0
IP 65436384 ps7_intc_dist_0 is already appended - skip it
-slave ps7_iop_bus_config_0
IP 65437584 ps7_iop_bus_config_0 is already appended - skip it
-slave ps7_l2cachec_0
IP 65436784 ps7_l2cachec_0 is already appended - skip it
-slave ps7_ocmc_0
IP 65271344 ps7_ocmc_0 is already appended - skip it
-slave ps7_qspi_0
IP 65266144 ps7_qspi_0 is already appended - skip it
-slave ps7_qspi_linear_0
IP 65266544 ps7_qspi_linear_0 is already appended - skip it
-slave ps7_ram_0
-slave ps7_ram_1
IP 65438384 ps7_ram_1 is already appended - skip it
-slave ps7_scuc_0
IP 65435584 ps7_scuc_0 is already appended - skip it
-slave ps7_scugic_0
IP 65438784 ps7_scugic_0 is already appended - skip it
-slave ps7_scutimer_0
IP 65439184 ps7_scutimer_0 is already appended - skip it
-slave ps7_scuwdt_0
IP 65439584 ps7_scuwdt_0 is already appended - skip it
-slave ps7_sd_0
IP 65268944 ps7_sd_0 is already appended - skip it
-slave ps7_slcr_0
IP 65439984 ps7_slcr_0 is already appended - skip it
-slave ps7_ttc_0
IP 65269344 ps7_ttc_0 is already appended - skip it
-slave ps7_uart_1
IP 65265744 ps7_uart_1 is already appended - skip it
-slave ps7_usb_0
IP 65268544 ps7_usb_0 is already appended - skip it
-slave ps7_xadc_0
IP 65270944 ps7_xadc_0 is already appended - skip it
ps7_ocmc_0
ps7_coresight_comp_0
ps7_gpv_0
ps7_scuc_0
ps7_globaltimer_0
ps7_intc_dist_0
ps7_l2cachec_0
ps7_afi_0
ps7_afi_1
ps7_afi_2
ps7_afi_3
START DMA
1
2
init_dma_1
{serial1 aliasref ps7_uart_1 1} {spi0 aliasref ps7_qspi_0 0} {ethernet0 aliasref
ps7_ethernet_0 0}
WARNING:EDK - : no console ip was specified.  This may prevent output from
   appearing on the boot console.

Running post_generate.
Running execs_generate.
Finished building libraries
14:23:55 **** Auto Build of configuration Release for project fsbl ****
make all 
Building file: ../src/ps7_init.c
Invoking: ARM gcc compiler
arm-xilinx-eabi-gcc -Wall -O2 -c -fmessage-length=0 -I../../fsbl_bsp/ps7_cortexa9_0/include -MMD -MP -MF"src/ps7_init.d" -MT"src/ps7_init.d" -o "src/ps7_init.o" "../src/ps7_init.c"
Finished building: ../src/ps7_init.c
 
Building target: fsbl.elf
Invoking: ARM gcc linker
arm-xilinx-eabi-gcc -L"/home/vladimir/stas/final_dma/fsbl/src" -Wl,-T -Wl,../src/lscript.ld -L../../fsbl_bsp/ps7_cortexa9_0/lib -o "fsbl.elf"  ./src/ddr_init.o ./src/ff.o ./src/fsbl_handoff.o ./src/fsbl_hooks.o ./src/image_mover.o ./src/main.o ./src/md5.o ./src/mmc.o ./src/nand.o ./src/nor.o ./src/pcap.o ./src/ps7_init.o ./src/qspi.o ./src/rsa.o ./src/sd.o   -lrsa -Wl,--start-group,-lxil,-lgcc,-lc,--end-group
Finished building target: fsbl.elf
 
Invoking: ARM Print Size
arm-xilinx-eabi-size fsbl.elf  |tee "fsbl.elf.size"
   text	   data	    bss	    dec	    hex	filename
  57064	  11352	  72500	 140916	  22674	fsbl.elf
Finished building: fsbl.elf.size
 
12:44:57 **** Auto Build of project fsbl_bsp ****
make -k all 
Finished building libraries
12:45:00 **** Auto Build of project device-tree_bsp_0 ****
make -k all 
libgen -hw ../hw_platform_0/system.xml\
	       -lp /home/vladimir/Z/zedboard\
	       -pe ps7_cortexa9_0 \
	       -log libgen.log \
	       system.mss
libgen
Xilinx EDK 14.7 Build EDK_P.20131013
Copyright (c) 1995-2012 Xilinx, Inc.  All rights reserved.

Command Line: libgen -hw ../hw_platform_0/system.xml -lp
/home/vladimir/Z/zedboard -pe ps7_cortexa9_0 -log libgen.log system.mss 


Staging source files.
Running DRCs.
#--------------------------------------
# device-tree BSP DRC...
#--------------------------------------
Running generate.
#--------------------------------------
# device-tree BSP generate...
#--------------------------------------
--- device tree generator version: v1.1 ---
generating xilinx.dts
Clock Port Summary:
axi_dma_0.s_axi_lite_aclk connected to processing_system7_0_FCLK_CLK0:
    CLK_FREQ_HZ = 100000000
axi_dma_0.m_axi_s2mm_aclk connected to processing_system7_0_FCLK_CLK0:
    CLK_FREQ_HZ = 100000000
axi_mem_intercon_m00_couplers_auto_pc.aclk connected to
processing_system7_0_FCLK_CLK0:
    CLK_FREQ_HZ = 100000000
axi_mem_intercon_s00_couplers_auto_us.s_axi_aclk connected to
processing_system7_0_FCLK_CLK0:
    CLK_FREQ_HZ = 100000000
axi_mem_intercon_xbar.aclk connected to processing_system7_0_FCLK_CLK0:
    CLK_FREQ_HZ = 100000000
axis_data_fifo_0.s_axis_aclk connected to processing_system7_0_FCLK_CLK0:
    CLK_FREQ_HZ = 100000000
def_stream_0.m00_axis_aclk connected to processing_system7_0_FCLK_CLK0:
    CLK_FREQ_HZ = 100000000
init_dma_1.s01_axi_aclk connected to processing_system7_0_FCLK_CLK0:
    CLK_FREQ_HZ = 100000000
init_dma_1.m00_axi_aclk connected to processing_system7_0_FCLK_CLK0:
    CLK_FREQ_HZ = 100000000
init_dma_1.s00_axi_aclk connected to processing_system7_0_FCLK_CLK0:
    CLK_FREQ_HZ = 100000000
proc_sys_reset.slowest_sync_clk connected to processing_system7_0_FCLK_CLK0:
    CLK_FREQ_HZ = 100000000
processing_system7_0_axi_periph_m00_couplers_auto_ds.s_axi_aclk connected to
processing_system7_0_FCLK_CLK0:
    CLK_FREQ_HZ = 100000000
processing_system7_0_axi_periph_m00_couplers_auto_pc.aclk connected to
processing_system7_0_FCLK_CLK0:
    CLK_FREQ_HZ = 100000000
processing_system7_0_axi_periph_m01_couplers_auto_ds.s_axi_aclk connected to
processing_system7_0_FCLK_CLK0:
    CLK_FREQ_HZ = 100000000
processing_system7_0_axi_periph_m01_couplers_auto_pc.aclk connected to
processing_system7_0_FCLK_CLK0:
    CLK_FREQ_HZ = 100000000
processing_system7_0_axi_periph_m03_couplers_auto_ds.s_axi_aclk connected to
processing_system7_0_FCLK_CLK0:
    CLK_FREQ_HZ = 100000000
processing_system7_0_axi_periph_m03_couplers_auto_pc.aclk connected to
processing_system7_0_FCLK_CLK0:
    CLK_FREQ_HZ = 100000000
processing_system7_0_axi_periph_s00_couplers_auto_pc.aclk connected to
processing_system7_0_FCLK_CLK0:
    CLK_FREQ_HZ = 100000000
processing_system7_0_axi_periph_s00_couplers_auto_us.s_axi_aclk connected to
processing_system7_0_FCLK_CLK0:
    CLK_FREQ_HZ = 100000000
processing_system7_0_axi_periph_s01_couplers_auto_pc.aclk connected to
processing_system7_0_FCLK_CLK0:
    CLK_FREQ_HZ = 100000000
processing_system7_0_axi_periph_s01_couplers_auto_us.s_axi_aclk connected to
processing_system7_0_FCLK_CLK0:
    CLK_FREQ_HZ = 100000000
processing_system7_0_axi_periph_xbar.aclk connected to
processing_system7_0_FCLK_CLK0:
    CLK_FREQ_HZ = 100000000
ps7_uart_1.S_AXI_ACLK connected to ps7_axi_interconnect_0_M_AXI_ACLK:
    CLK_FREQ_HZ = WARNING: no frequency found!
ps7_qspi_0.S_AXI_ACLK connected to ps7_axi_interconnect_0_M_AXI_ACLK:
    CLK_FREQ_HZ = WARNING: no frequency found!
ps7_qspi_linear_0.S_AXI_ACLK connected to ps7_axi_interconnect_0_M_AXI_ACLK:
    CLK_FREQ_HZ = WARNING: no frequency found!
ps7_axi_interconnect_0.M_AXI_ACLK connected to
ps7_axi_interconnect_0_M_AXI_ACLK:
    CLK_FREQ_HZ = WARNING: no frequency found!
ps7_cortexa9_0.M_AXI_DP_ACLK connected to
ps7_axi_interconnect_0_S_AXI_CTRL_ACLK:
    CLK_FREQ_HZ = WARNING: no frequency found!
ps7_cortexa9_1.M_AXI_DP_ACLK connected to
ps7_axi_interconnect_0_S_AXI_CTRL_ACLK:
    CLK_FREQ_HZ = WARNING: no frequency found!
ps7_ddr_0.S_AXI_ACLK connected to ps7_axi_interconnect_0_M_AXI_ACLK:
    CLK_FREQ_HZ = WARNING: no frequency found!
ps7_ethernet_0.S_AXI_ACLK connected to ps7_axi_interconnect_0_M_AXI_ACLK:
    CLK_FREQ_HZ = WARNING: no frequency found!
ps7_usb_0.S_AXI_ACLK connected to ps7_axi_interconnect_0_M_AXI_ACLK:
    CLK_FREQ_HZ = WARNING: no frequency found!
ps7_sd_0.S_AXI_ACLK connected to ps7_axi_interconnect_0_M_AXI_ACLK:
    CLK_FREQ_HZ = WARNING: no frequency found!
ps7_ttc_0.S_AXI_ACLK connected to ps7_axi_interconnect_0_M_AXI_ACLK:
    CLK_FREQ_HZ = WARNING: no frequency found!
ps7_gpio_0.S_AXI_ACLK connected to ps7_axi_interconnect_0_M_AXI_ACLK:
    CLK_FREQ_HZ = WARNING: no frequency found!
ps7_ddrc_0.S_AXI_ACLK connected to ps7_axi_interconnect_0_M_AXI_ACLK:
    CLK_FREQ_HZ = WARNING: no frequency found!
ps7_dev_cfg_0.S_AXI_ACLK connected to ps7_axi_interconnect_0_M_AXI_ACLK:
    CLK_FREQ_HZ = WARNING: no frequency found!
ps7_xadc_0.S_AXI_ACLK connected to ps7_axi_interconnect_0_M_AXI_ACLK:
    CLK_FREQ_HZ = WARNING: no frequency found!
ps7_ocmc_0.S_AXI_ACLK connected to ps7_axi_interconnect_0_M_AXI_ACLK:
    CLK_FREQ_HZ = WARNING: no frequency found!
ps7_coresight_comp_0.S_AXI_ACLK connected to ps7_axi_interconnect_0_M_AXI_ACLK:
    CLK_FREQ_HZ = WARNING: no frequency found!
ps7_gpv_0.S_AXI_ACLK connected to ps7_axi_interconnect_0_M_AXI_ACLK:
    CLK_FREQ_HZ = WARNING: no frequency found!
ps7_scuc_0.S_AXI_ACLK connected to ps7_axi_interconnect_0_M_AXI_ACLK:
    CLK_FREQ_HZ = WARNING: no frequency found!
ps7_globaltimer_0.S_AXI_ACLK connected to ps7_axi_interconnect_0_M_AXI_ACLK:
    CLK_FREQ_HZ = WARNING: no frequency found!
ps7_intc_dist_0.S_AXI_ACLK connected to ps7_axi_interconnect_0_M_AXI_ACLK:
    CLK_FREQ_HZ = WARNING: no frequency found!
ps7_l2cachec_0.S_AXI_ACLK connected to ps7_axi_interconnect_0_M_AXI_ACLK:
    CLK_FREQ_HZ = WARNING: no frequency found!
ps7_dma_s.S_AXI_ACLK connected to ps7_axi_interconnect_0_M_AXI_ACLK:
    CLK_FREQ_HZ = WARNING: no frequency found!
ps7_iop_bus_config_0.S_AXI_ACLK connected to ps7_axi_interconnect_0_M_AXI_ACLK:
    CLK_FREQ_HZ = WARNING: no frequency found!
ps7_ram_0.S_AXI_ACLK connected to ps7_axi_interconnect_0_M_AXI_ACLK:
    CLK_FREQ_HZ = WARNING: no frequency found!
ps7_ram_1.S_AXI_ACLK connected to ps7_axi_interconnect_0_M_AXI_ACLK:
    CLK_FREQ_HZ = WARNING: no frequency found!
ps7_scugic_0.S_AXI_ACLK connected to ps7_axi_interconnect_0_M_AXI_ACLK:
    CLK_FREQ_HZ = WARNING: no frequency found!
ps7_scutimer_0.S_AXI_ACLK connected to ps7_axi_interconnect_0_M_AXI_ACLK:
    CLK_FREQ_HZ = WARNING: no frequency found!
ps7_scuwdt_0.S_AXI_ACLK connected to ps7_axi_interconnect_0_M_AXI_ACLK:
    CLK_FREQ_HZ = WARNING: no frequency found!
ps7_slcr_0.S_AXI_ACLK connected to ps7_axi_interconnect_0_M_AXI_ACLK:
    CLK_FREQ_HZ = WARNING: no frequency found!
ps7_dma_ns.S_AXI_ACLK connected to ps7_axi_interconnect_0_M_AXI_ACLK:
    CLK_FREQ_HZ = WARNING: no frequency found!
ps7_afi_0.S_AXI_ACLK connected to ps7_axi_interconnect_0_M_AXI_ACLK:
    CLK_FREQ_HZ = WARNING: no frequency found!
ps7_afi_1.S_AXI_ACLK connected to ps7_axi_interconnect_0_M_AXI_ACLK:
    CLK_FREQ_HZ = WARNING: no frequency found!
ps7_afi_2.S_AXI_ACLK connected to ps7_axi_interconnect_0_M_AXI_ACLK:
    CLK_FREQ_HZ = WARNING: no frequency found!
ps7_afi_3.S_AXI_ACLK connected to ps7_axi_interconnect_0_M_AXI_ACLK:
    CLK_FREQ_HZ = WARNING: no frequency found!
IP connected to bus: ps7_axi_interconnect_0
-master M_AXI_DP ps7_axi_interconnect_0 ps7_cortexa9_0
-master M_AXI_DP ps7_axi_interconnect_0 ps7_cortexa9_1
-slave S_AXI ps7_axi_interconnect_0 ps7_uart_1
-slave S_AXI ps7_axi_interconnect_0 ps7_qspi_0
-slave S_AXI ps7_axi_interconnect_0 ps7_qspi_linear_0
-slave S_AXI ps7_axi_interconnect_0 ps7_ethernet_0
-slave S_AXI ps7_axi_interconnect_0 ps7_usb_0
-slave S_AXI ps7_axi_interconnect_0 ps7_sd_0
-slave S_AXI ps7_axi_interconnect_0 ps7_ttc_0
-slave S_AXI ps7_axi_interconnect_0 ps7_gpio_0
-slave S_AXI ps7_axi_interconnect_0 ps7_ddrc_0
-slave S_AXI ps7_axi_interconnect_0 ps7_dev_cfg_0
-slave S_AXI ps7_axi_interconnect_0 ps7_xadc_0
-slave S_AXI ps7_axi_interconnect_0 ps7_ocmc_0
-slave S_AXI ps7_axi_interconnect_0 ps7_coresight_comp_0
-slave S_AXI ps7_axi_interconnect_0 ps7_gpv_0
-slave S_AXI ps7_axi_interconnect_0 ps7_scuc_0
-slave S_AXI ps7_axi_interconnect_0 ps7_globaltimer_0
-slave S_AXI ps7_axi_interconnect_0 ps7_intc_dist_0
-slave S_AXI ps7_axi_interconnect_0 ps7_l2cachec_0
-slave S_AXI ps7_axi_interconnect_0 ps7_dma_s
-slave S_AXI ps7_axi_interconnect_0 ps7_iop_bus_config_0
-slave S_AXI ps7_axi_interconnect_0 ps7_ram_1
-slave S_AXI ps7_axi_interconnect_0 ps7_scugic_0
-slave S_AXI ps7_axi_interconnect_0 ps7_scutimer_0
-slave S_AXI ps7_axi_interconnect_0 ps7_scuwdt_0
[...]
ps7_ram_0.S_AXI_ACLK connected to ps7_axi_interconnect_0_M_AXI_ACLK:
    CLK_FREQ_HZ = WARNING: no frequency found!
ps7_ram_1.S_AXI_ACLK connected to ps7_axi_interconnect_0_M_AXI_ACLK:
    CLK_FREQ_HZ = WARNING: no frequency found!
ps7_scugic_0.S_AXI_ACLK connected to ps7_axi_interconnect_0_M_AXI_ACLK:
    CLK_FREQ_HZ = WARNING: no frequency found!
ps7_scutimer_0.S_AXI_ACLK connected to ps7_axi_interconnect_0_M_AXI_ACLK:
    CLK_FREQ_HZ = WARNING: no frequency found!
ps7_scuwdt_0.S_AXI_ACLK connected to ps7_axi_interconnect_0_M_AXI_ACLK:
    CLK_FREQ_HZ = WARNING: no frequency found!
ps7_slcr_0.S_AXI_ACLK connected to ps7_axi_interconnect_0_M_AXI_ACLK:
    CLK_FREQ_HZ = WARNING: no frequency found!
ps7_dma_ns.S_AXI_ACLK connected to ps7_axi_interconnect_0_M_AXI_ACLK:
    CLK_FREQ_HZ = WARNING: no frequency found!
ps7_afi_0.S_AXI_ACLK connected to ps7_axi_interconnect_0_M_AXI_ACLK:
    CLK_FREQ_HZ = WARNING: no frequency found!
ps7_afi_1.S_AXI_ACLK connected to ps7_axi_interconnect_0_M_AXI_ACLK:
    CLK_FREQ_HZ = WARNING: no frequency found!
ps7_afi_2.S_AXI_ACLK connected to ps7_axi_interconnect_0_M_AXI_ACLK:
    CLK_FREQ_HZ = WARNING: no frequency found!
ps7_afi_3.S_AXI_ACLK connected to ps7_axi_interconnect_0_M_AXI_ACLK:
    CLK_FREQ_HZ = WARNING: no frequency found!
IP connected to bus: ps7_axi_interconnect_0
-master M_AXI_DP ps7_axi_interconnect_0 ps7_cortexa9_0
-master M_AXI_DP ps7_axi_interconnect_0 ps7_cortexa9_1
-slave S_AXI ps7_axi_interconnect_0 ps7_uart_1
-slave S_AXI ps7_axi_interconnect_0 ps7_qspi_0
-slave S_AXI ps7_axi_interconnect_0 ps7_qspi_linear_0
-slave S_AXI ps7_axi_interconnect_0 ps7_ethernet_0
-slave S_AXI ps7_axi_interconnect_0 ps7_usb_0
-slave S_AXI ps7_axi_interconnect_0 ps7_sd_0
-slave S_AXI ps7_axi_interconnect_0 ps7_ttc_0
-slave S_AXI ps7_axi_interconnect_0 ps7_gpio_0
-slave S_AXI ps7_axi_interconnect_0 ps7_ddrc_0
-slave S_AXI ps7_axi_interconnect_0 ps7_dev_cfg_0
-slave S_AXI ps7_axi_interconnect_0 ps7_xadc_0
-slave S_AXI ps7_axi_interconnect_0 ps7_ocmc_0
-slave S_AXI ps7_axi_interconnect_0 ps7_coresight_comp_0
-slave S_AXI ps7_axi_interconnect_0 ps7_gpv_0
-slave S_AXI ps7_axi_interconnect_0 ps7_scuc_0
-slave S_AXI ps7_axi_interconnect_0 ps7_globaltimer_0
-slave S_AXI ps7_axi_interconnect_0 ps7_intc_dist_0
-slave S_AXI ps7_axi_interconnect_0 ps7_l2cachec_0
-slave S_AXI ps7_axi_interconnect_0 ps7_dma_s
-slave S_AXI ps7_axi_interconnect_0 ps7_iop_bus_config_0
-slave S_AXI ps7_axi_interconnect_0 ps7_ram_1
-slave S_AXI ps7_axi_interconnect_0 ps7_scugic_0
-slave S_AXI ps7_axi_interconnect_0 ps7_scutimer_0
-slave S_AXI ps7_axi_interconnect_0 ps7_scuwdt_0
-slave S_AXI ps7_axi_interconnect_0 ps7_slcr_0
-slave S_AXI ps7_axi_interconnect_0 ps7_dma_ns
-slave S_AXI ps7_axi_interconnect_0 ps7_afi_0
-slave S_AXI ps7_axi_interconnect_0 ps7_afi_1
-slave S_AXI ps7_axi_interconnect_0 ps7_afi_2
-slave S_AXI ps7_axi_interconnect_0 ps7_afi_3
-slave axi_dma_0
-slave init_dma_1
-slave ps7_afi_0
IP 64861440 ps7_afi_0 is already appended - skip it
-slave ps7_afi_1
IP 64861840 ps7_afi_1 is already appended - skip it
-slave ps7_afi_2
IP 64862240 ps7_afi_2 is already appended - skip it
-slave ps7_afi_3
IP 64862640 ps7_afi_3 is already appended - skip it
-slave ps7_coresight_comp_0
IP 64692400 ps7_coresight_comp_0 is already appended - skip it
-slave ps7_ddr_0
-slave ps7_ddrc_0
IP 64690800 ps7_ddrc_0 is already appended - skip it
-slave ps7_dev_cfg_0
IP 64691200 ps7_dev_cfg_0 is already appended - skip it
-slave ps7_dma_ns
-slave ps7_dma_s
IP 64857840 ps7_dma_s is already appended - skip it
-slave ps7_ethernet_0
IP 64688800 ps7_ethernet_0 is already appended - skip it
-slave ps7_globaltimer_0
IP 64856640 ps7_globaltimer_0 is already appended - skip it
-slave ps7_gpio_0
IP 64690400 ps7_gpio_0 is already appended - skip it
-slave ps7_gpv_0
IP 64692800 ps7_gpv_0 is already appended - skip it
-slave ps7_intc_dist_0
IP 64857040 ps7_intc_dist_0 is already appended - skip it
-slave ps7_iop_bus_config_0
IP 64858240 ps7_iop_bus_config_0 is already appended - skip it
-slave ps7_l2cachec_0
IP 64857440 ps7_l2cachec_0 is already appended - skip it
-slave ps7_ocmc_0
IP 64692000 ps7_ocmc_0 is already appended - skip it
-slave ps7_qspi_0
IP 64686800 ps7_qspi_0 is already appended - skip it
-slave ps7_qspi_linear_0
IP 64687200 ps7_qspi_linear_0 is already appended - skip it
-slave ps7_ram_0
-slave ps7_ram_1
IP 64859040 ps7_ram_1 is already appended - skip it
-slave ps7_scuc_0
IP 64856288 ps7_scuc_0 is already appended - skip it
-slave ps7_scugic_0
IP 64859440 ps7_scugic_0 is already appended - skip it
-slave ps7_scutimer_0
IP 64859840 ps7_scutimer_0 is already appended - skip it
-slave ps7_scuwdt_0
IP 64860240 ps7_scuwdt_0 is already appended - skip it
-slave ps7_sd_0
IP 64689600 ps7_sd_0 is already appended - skip it
-slave ps7_slcr_0
IP 64860640 ps7_slcr_0 is already appended - skip it
-slave ps7_ttc_0
IP 64690000 ps7_ttc_0 is already appended - skip it
-slave ps7_uart_1
IP 64686400 ps7_uart_1 is already appended - skip it
-slave ps7_usb_0
IP 64689200 ps7_usb_0 is already appended - skip it
-slave ps7_xadc_0
IP 64691600 ps7_xadc_0 is already appended - skip it
ps7_ocmc_0
ps7_coresight_comp_0
ps7_gpv_0
ps7_scuc_0
ps7_globaltimer_0
ps7_intc_dist_0
ps7_l2cachec_0
ps7_afi_0
ps7_afi_1
ps7_afi_2
ps7_afi_3
START DMA
1
2
init_dma_1
{serial1 aliasref ps7_uart_1 1} {spi0 aliasref ps7_qspi_0 0} {ethernet0 aliasref
ps7_ethernet_0 0}
WARNING:EDK - : no console ip was specified.  This may prevent output from
   appearing on the boot console.

Running post_generate.
Running execs_generate.
Finished building libraries
10:08:19 **** Auto Build of configuration Release for project fsbl ****
make all 
Building file: ../src/ps7_init.c
Invoking: ARM gcc compiler
arm-xilinx-eabi-gcc -Wall -O2 -c -fmessage-length=0 -I../../fsbl_bsp/ps7_cortexa9_0/include -MMD -MP -MF"src/ps7_init.d" -MT"src/ps7_init.d" -o "src/ps7_init.o" "../src/ps7_init.c"
Finished building: ../src/ps7_init.c
 
Building target: fsbl.elf
Invoking: ARM gcc linker
arm-xilinx-eabi-gcc -L"/home/vladimir/stas/final_dma/fsbl/src" -Wl,-T -Wl,../src/lscript.ld -L../../fsbl_bsp/ps7_cortexa9_0/lib -o "fsbl.elf"  ./src/ddr_init.o ./src/ff.o ./src/fsbl_handoff.o ./src/fsbl_hooks.o ./src/image_mover.o ./src/main.o ./src/md5.o ./src/mmc.o ./src/nand.o ./src/nor.o ./src/pcap.o ./src/ps7_init.o ./src/qspi.o ./src/rsa.o ./src/sd.o   -lrsa -Wl,--start-group,-lxil,-lgcc,-lc,--end-group
Finished building target: fsbl.elf
 
Invoking: ARM Print Size
arm-xilinx-eabi-size fsbl.elf  |tee "fsbl.elf.size"
   text	   data	    bss	    dec	    hex	filename
  57064	  11352	  72500	 140916	  22674	fsbl.elf
Finished building: fsbl.elf.size
 
11:41:10 **** Auto Build of project fsbl_bsp ****
make -k all 
libgen -hw ../hw_platform_0/system.xml\
	       -lp /home/vladimir/Z/zedboard\
	       -pe ps7_cortexa9_0 \
	       -log libgen.log \
	       system.mss
libgen
Xilinx EDK 14.7 Build EDK_P.20131013
Copyright (c) 1995-2012 Xilinx, Inc.  All rights reserved.

Command Line: libgen -hw ../hw_platform_0/system.xml -lp
/home/vladimir/Z/zedboard -pe ps7_cortexa9_0 -log libgen.log system.mss 


Staging source files.
Running DRCs.
Running generate.
Running post_generate.
Running include - 'gmake -s include "COMPILER=arm-xilinx-eabi-gcc"
"ARCHIVER=arm-xilinx-eabi-ar" "COMPILER_FLAGS= -O2 -c"
"EXTRA_COMPILER_FLAGS=-g"'.

Running libs - 'gmake -s libs "COMPILER=arm-xilinx-eabi-gcc"
"ARCHIVER=arm-xilinx-eabi-ar" "COMPILER_FLAGS= -O2 -c"
"EXTRA_COMPILER_FLAGS=-g"'.
Compiling common
arm-xilinx-eabi-ar: creating ../../../lib/libxil.a
Compiling standalone
Compiling axidma
Compiling devcfg
Compiling dmaps
Compiling emacps
Compiling gpiops
Compiling qspips
Compiling scugic
Compiling scutimer
Compiling scuwdt
Compiling ttcps
Compiling uartps
Compiling usbps
Compiling xadcps
Compiling cpu_cortexa9
Running execs_generate.
Finished building libraries
11:41:23 **** Auto Build of project fsbl_bsp ****
make -k all 
Finished building libraries
11:41:23 **** Auto Build of configuration Release for project fsbl ****
make all 
make: Цель `all' не требует выполнения команд.
11:41:23 **** Auto Build of project device-tree_bsp_0 ****
make -k all 
libgen -hw ../hw_platform_0/system.xml\
	       -lp /home/vladimir/Z/zedboard\
	       -pe ps7_cortexa9_0 \
	       -log libgen.log \
	       system.mss
libgen
Xilinx EDK 14.7 Build EDK_P.20131013
Copyright (c) 1995-2012 Xilinx, Inc.  All rights reserved.

Command Line: libgen -hw ../hw_platform_0/system.xml -lp
/home/vladimir/Z/zedboard -pe ps7_cortexa9_0 -log libgen.log system.mss 


Staging source files.
Running DRCs.
#--------------------------------------
# device-tree BSP DRC...
#--------------------------------------
Running generate.
#--------------------------------------
# device-tree BSP generate...
#--------------------------------------
--- device tree generator version: v1.1 ---
generating xilinx.dts
Clock Port Summary:
axi_dma_0.s_axi_lite_aclk connected to processing_system7_0_FCLK_CLK0:
    CLK_FREQ_HZ = 125000000
axi_dma_0.m_axi_s2mm_aclk connected to processing_system7_0_FCLK_CLK0:
    CLK_FREQ_HZ = 125000000
axi_mem_intercon_m00_couplers_auto_pc.aclk connected to
processing_system7_0_FCLK_CLK0:
    CLK_FREQ_HZ = 125000000
axi_mem_intercon_s00_couplers_auto_us.s_axi_aclk connected to
processing_system7_0_FCLK_CLK0:
    CLK_FREQ_HZ = 125000000
axi_mem_intercon_xbar.aclk connected to processing_system7_0_FCLK_CLK0:
    CLK_FREQ_HZ = 125000000
axis_data_fifo_0.s_axis_aclk connected to processing_system7_0_FCLK_CLK0:
    CLK_FREQ_HZ = 125000000
def_stream_0.m00_axis_aclk connected to processing_system7_0_FCLK_CLK0:
    CLK_FREQ_HZ = 125000000
init_dma_1.s01_axi_aclk connected to processing_system7_0_FCLK_CLK0:
    CLK_FREQ_HZ = 125000000
init_dma_1.m00_axi_aclk connected to processing_system7_0_FCLK_CLK0:
    CLK_FREQ_HZ = 125000000
init_dma_1.s00_axi_aclk connected to processing_system7_0_FCLK_CLK0:
    CLK_FREQ_HZ = 125000000
proc_sys_reset.slowest_sync_clk connected to processing_system7_0_FCLK_CLK0:
    CLK_FREQ_HZ = 125000000
processing_system7_0_axi_periph_m00_couplers_auto_ds.s_axi_aclk connected to
processing_system7_0_FCLK_CLK0:
    CLK_FREQ_HZ = 125000000
processing_system7_0_axi_periph_m00_couplers_auto_pc.aclk connected to
processing_system7_0_FCLK_CLK0:
    CLK_FREQ_HZ = 125000000
processing_system7_0_axi_periph_m01_couplers_auto_ds.s_axi_aclk connected to
processing_system7_0_FCLK_CLK0:
    CLK_FREQ_HZ = 125000000
processing_system7_0_axi_periph_m01_couplers_auto_pc.aclk connected to
processing_system7_0_FCLK_CLK0:
    CLK_FREQ_HZ = 125000000
processing_system7_0_axi_periph_m03_couplers_auto_ds.s_axi_aclk connected to
processing_system7_0_FCLK_CLK0:
    CLK_FREQ_HZ = 125000000
processing_system7_0_axi_periph_m03_couplers_auto_pc.aclk connected to
processing_system7_0_FCLK_CLK0:
    CLK_FREQ_HZ = 125000000
processing_system7_0_axi_periph_s00_couplers_auto_pc.aclk connected to
processing_system7_0_FCLK_CLK0:
    CLK_FREQ_HZ = 125000000
processing_system7_0_axi_periph_s00_couplers_auto_us.s_axi_aclk connected to
processing_system7_0_FCLK_CLK0:
    CLK_FREQ_HZ = 125000000
processing_system7_0_axi_periph_s01_couplers_auto_pc.aclk connected to
processing_system7_0_FCLK_CLK0:
    CLK_FREQ_HZ = 125000000
processing_system7_0_axi_periph_s01_couplers_auto_us.s_axi_aclk connected to
processing_system7_0_FCLK_CLK0:
    CLK_FREQ_HZ = 125000000
processing_system7_0_axi_periph_xbar.aclk connected to
processing_system7_0_FCLK_CLK0:
    CLK_FREQ_HZ = 125000000
ps7_uart_1.S_AXI_ACLK connected to ps7_axi_interconnect_0_M_AXI_ACLK:
    CLK_FREQ_HZ = WARNING: no frequency found!
ps7_qspi_0.S_AXI_ACLK connected to ps7_axi_interconnect_0_M_AXI_ACLK:
    CLK_FREQ_HZ = WARNING: no frequency found!
ps7_qspi_linear_0.S_AXI_ACLK connected to ps7_axi_interconnect_0_M_AXI_ACLK:
    CLK_FREQ_HZ = WARNING: no frequency found!
ps7_axi_interconnect_0.M_AXI_ACLK connected to
ps7_axi_interconnect_0_M_AXI_ACLK:
    CLK_FREQ_HZ = WARNING: no frequency found!
ps7_cortexa9_0.M_AXI_DP_ACLK connected to
ps7_axi_interconnect_0_S_AXI_CTRL_ACLK:
    CLK_FREQ_HZ = WARNING: no frequency found!
ps7_cortexa9_1.M_AXI_DP_ACLK connected to
ps7_axi_interconnect_0_S_AXI_CTRL_ACLK:
    CLK_FREQ_HZ = WARNING: no frequency found!
ps7_ddr_0.S_AXI_ACLK connected to ps7_axi_interconnect_0_M_AXI_ACLK:
    CLK_FREQ_HZ = WARNING: no frequency found!
ps7_ethernet_0.S_AXI_ACLK connected to ps7_axi_interconnect_0_M_AXI_ACLK:
    CLK_FREQ_HZ = WARNING: no frequency found!
ps7_usb_0.S_AXI_ACLK connected to ps7_axi_interconnect_0_M_AXI_ACLK:
    CLK_FREQ_HZ = WARNING: no frequency found!
ps7_sd_0.S_AXI_ACLK connected to ps7_axi_interconnect_0_M_AXI_ACLK:
    CLK_FREQ_HZ = WARNING: no frequency found!
ps7_ttc_0.S_AXI_ACLK connected to ps7_axi_interconnect_0_M_AXI_ACLK:
    CLK_FREQ_HZ = WARNING: no frequency found!
ps7_gpio_0.S_AXI_ACLK connected to ps7_axi_interconnect_0_M_AXI_ACLK:
    CLK_FREQ_HZ = WARNING: no frequency found!
ps7_ddrc_0.S_AXI_ACLK connected to ps7_axi_interconnect_0_M_AXI_ACLK:
    CLK_FREQ_HZ = WARNING: no frequency found!
ps7_dev_cfg_0.S_AXI_ACLK connected to ps7_axi_interconnect_0_M_AXI_ACLK:
    CLK_FREQ_HZ = WARNING: no frequency found!
ps7_xadc_0.S_AXI_ACLK connected to ps7_axi_interconnect_0_M_AXI_ACLK:
    CLK_FREQ_HZ = WARNING: no frequency found!
ps7_ocmc_0.S_AXI_ACLK connected to ps7_axi_interconnect_0_M_AXI_ACLK:
    CLK_FREQ_HZ = WARNING: no frequency found!
ps7_coresight_comp_0.S_AXI_ACLK connected to ps7_axi_interconnect_0_M_AXI_ACLK:
    CLK_FREQ_HZ = WARNING: no frequency found!
ps7_gpv_0.S_AXI_ACLK connected to ps7_axi_interconnect_0_M_AXI_ACLK:
    CLK_FREQ_HZ = WARNING: no frequency found!
ps7_scuc_0.S_AXI_ACLK connected to ps7_axi_interconnect_0_M_AXI_ACLK:
    CLK_FREQ_HZ = WARNING: no frequency found!
ps7_globaltimer_0.S_AXI_ACLK connected to ps7_axi_interconnect_0_M_AXI_ACLK:
    CLK_FREQ_HZ = WARNING: no frequency found!
ps7_intc_dist_0.S_AXI_ACLK connected to ps7_axi_interconnect_0_M_AXI_ACLK:
    CLK_FREQ_HZ = WARNING: no frequency found!
ps7_l2cachec_0.S_AXI_ACLK connected to ps7_axi_interconnect_0_M_AXI_ACLK:
    CLK_FREQ_HZ = WARNING: no frequency found!
ps7_dma_s.S_AXI_ACLK connected to ps7_axi_interconnect_0_M_AXI_ACLK:
    CLK_FREQ_HZ = WARNING: no frequency found!
ps7_iop_bus_config_0.S_AXI_ACLK connected to ps7_axi_interconnect_0_M_AXI_ACLK:
    CLK_FREQ_HZ = WARNING: no frequency found!
ps7_ram_0.S_AXI_ACLK connected to ps7_axi_interconnect_0_M_AXI_ACLK:
    CLK_FREQ_HZ = WARNING: no frequency found!
ps7_ram_1.S_AXI_ACLK connected to ps7_axi_interconnect_0_M_AXI_ACLK:
    CLK_FREQ_HZ = WARNING: no frequency found!
ps7_scugic_0.S_AXI_ACLK connected to ps7_axi_interconnect_0_M_AXI_ACLK:
    CLK_FREQ_HZ = WARNING: no frequency found!
ps7_scutimer_0.S_AXI_ACLK connected to ps7_axi_interconnect_0_M_AXI_ACLK:
    CLK_FREQ_HZ = WARNING: no frequency found!
ps7_scuwdt_0.S_AXI_ACLK connected to ps7_axi_interconnect_0_M_AXI_ACLK:
    CLK_FREQ_HZ = WARNING: no frequency found!
ps7_slcr_0.S_AXI_ACLK connected to ps7_axi_interconnect_0_M_AXI_ACLK:
    CLK_FREQ_HZ = WARNING: no frequency found!
ps7_dma_ns.S_AXI_ACLK connected to ps7_axi_interconnect_0_M_AXI_ACLK:
    CLK_FREQ_HZ = WARNING: no frequency found!
ps7_afi_0.S_AXI_ACLK connected to ps7_axi_interconnect_0_M_AXI_ACLK:
    CLK_FREQ_HZ = WARNING: no frequency found!
ps7_afi_1.S_AXI_ACLK connected to ps7_axi_interconnect_0_M_AXI_ACLK:
    CLK_FREQ_HZ = WARNING: no frequency found!
ps7_afi_2.S_AXI_ACLK connected to ps7_axi_interconnect_0_M_AXI_ACLK:
    CLK_FREQ_HZ = WARNING: no frequency found!
ps7_afi_3.S_AXI_ACLK connected to ps7_axi_interconnect_0_M_AXI_ACLK:
    CLK_FREQ_HZ = WARNING: no frequency found!
IP connected to bus: ps7_axi_interconnect_0
-master M_AXI_DP ps7_axi_interconnect_0 ps7_cortexa9_0
-master M_AXI_DP ps7_axi_interconnect_0 ps7_cortexa9_1
-slave S_AXI ps7_axi_interconnect_0 ps7_uart_1
-slave S_AXI ps7_axi_interconnect_0 ps7_qspi_0
-slave S_AXI ps7_axi_interconnect_0 ps7_qspi_linear_0
-slave S_AXI ps7_axi_interconnect_0 ps7_ethernet_0
-slave S_AXI ps7_axi_interconnect_0 ps7_usb_0
-slave S_AXI ps7_axi_interconnect_0 ps7_sd_0
-slave S_AXI ps7_axi_interconnect_0 ps7_ttc_0
-slave S_AXI ps7_axi_interconnect_0 ps7_gpio_0
-slave S_AXI ps7_axi_interconnect_0 ps7_ddrc_0
-slave S_AXI ps7_axi_interconnect_0 ps7_dev_cfg_0
-slave S_AXI ps7_axi_interconnect_0 ps7_xadc_0
-slave S_AXI ps7_axi_interconnect_0 ps7_ocmc_0
-slave S_AXI ps7_axi_interconnect_0 ps7_coresight_comp_0
-slave S_AXI ps7_axi_interconnect_0 ps7_gpv_0
-slave S_AXI ps7_axi_interconnect_0 ps7_scuc_0
-slave S_AXI ps7_axi_interconnect_0 ps7_globaltimer_0
-slave S_AXI ps7_axi_interconnect_0 ps7_intc_dist_0
-slave S_AXI ps7_axi_interconnect_0 ps7_l2cachec_0
-slave S_AXI ps7_axi_interconnect_0 ps7_dma_s
-slave S_AXI ps7_axi_interconnect_0 ps7_iop_bus_config_0
-slave S_AXI ps7_axi_interconnect_0 ps7_ram_1
-slave S_AXI ps7_axi_interconnect_0 ps7_scugic_0
-slave S_AXI ps7_axi_interconnect_0 ps7_scutimer_0
-slave S_AXI ps7_axi_interconnect_0 ps7_scuwdt_0
-slave S_AXI ps7_axi_interconnect_0 ps7_slcr_0
-slave S_AXI ps7_axi_interconnect_0 ps7_dma_ns
-slave S_AXI ps7_axi_interconnect_0 ps7_afi_0
-slave S_AXI ps7_axi_interconnect_0 ps7_afi_1
-slave S_AXI ps7_axi_interconnect_0 ps7_afi_2
-slave S_AXI ps7_axi_interconnect_0 ps7_afi_3
-slave axi_dma_0
-slave init_dma_1
-slave ps7_afi_0
IP 53742448 ps7_afi_0 is already appended - skip it
-slave ps7_afi_1
IP 53742848 ps7_afi_1 is already appended - skip it
-slave ps7_afi_2
IP 53743248 ps7_afi_2 is already appended - skip it
-slave ps7_afi_3
IP 53743648 ps7_afi_3 is already appended - skip it
-slave ps7_coresight_comp_0
IP 53736448 ps7_coresight_comp_0 is already appended - skip it
-slave ps7_ddr_0
-slave ps7_ddrc_0
IP 54060416 ps7_ddrc_0 is already appended - skip it
-slave ps7_dev_cfg_0
IP 53735248 ps7_dev_cfg_0 is already appended - skip it
-slave ps7_dma_ns
-slave ps7_dma_s
IP 53738848 ps7_dma_s is already appended - skip it
-slave ps7_ethernet_0
IP 54058416 ps7_ethernet_0 is already appended - skip it
-slave ps7_globaltimer_0
IP 53737648 ps7_globaltimer_0 is already appended - skip it
-slave ps7_gpio_0
IP 54060016 ps7_gpio_0 is already appended - skip it
-slave ps7_gpv_0
IP 53736848 ps7_gpv_0 is already appended - skip it
-slave ps7_intc_dist_0
IP 53738048 ps7_intc_dist_0 is already appended - skip it
-slave ps7_iop_bus_config_0
IP 53739248 ps7_iop_bus_config_0 is already appended - skip it
-slave ps7_l2cachec_0
IP 53738448 ps7_l2cachec_0 is already appended - skip it
-slave ps7_ocmc_0
IP 53736048 ps7_ocmc_0 is already appended - skip it
-slave ps7_qspi_0
IP 54056416 ps7_qspi_0 is already appended - skip it
-slave ps7_qspi_linear_0
IP 54056816 ps7_qspi_linear_0 is already appended - skip it
-slave ps7_ram_0
-slave ps7_ram_1
IP 53740048 ps7_ram_1 is already appended - skip it
-slave ps7_scuc_0
IP 53737248 ps7_scuc_0 is already appended - skip it
-slave ps7_scugic_0
IP 53740448 ps7_scugic_0 is already appended - skip it
-slave ps7_scutimer_0
IP 53740848 ps7_scutimer_0 is already appended - skip it
-slave ps7_scuwdt_0
IP 53741248 ps7_scuwdt_0 is already appended - skip it
-slave ps7_sd_0
IP 54059216 ps7_sd_0 is already appended - skip it
-slave ps7_slcr_0
IP 53741648 ps7_slcr_0 is already appended - skip it
-slave ps7_ttc_0
IP 54059616 ps7_ttc_0 is already appended - skip it
-slave ps7_uart_1
IP 54056016 ps7_uart_1 is already appended - skip it
-slave ps7_usb_0
IP 54058816 ps7_usb_0 is already appended - skip it
-slave ps7_xadc_0
IP 53735648 ps7_xadc_0 is already appended - skip it
ps7_ocmc_0
ps7_coresight_comp_0
ps7_gpv_0
ps7_scuc_0
ps7_globaltimer_0
ps7_intc_dist_0
ps7_l2cachec_0
ps7_afi_0
ps7_afi_1
ps7_afi_2
ps7_afi_3
START DMA
1
2
init_dma_1
{serial1 aliasref ps7_uart_1 1} {spi0 aliasref ps7_qspi_0 0} {ethernet0 aliasref
ps7_ethernet_0 0}
WARNING:EDK - : no console ip was specified.  This may prevent output from
   appearing on the boot console.

Running post_generate.
Running execs_generate.
Finished building libraries
